Archive member included to satisfy reference by file (symbol)

/app/stm32cubeide/plugins/com.st.stm32cube.ide.mcu.externaltools.gnu-tools-for-stm32.10.3-2021.10.linux64_1.0.200.202301161003/tools/bin/../lib/gcc/arm-none-eabi/10.3.1/../../../../arm-none-eabi/lib/thumb/v6-m/nofp/libc_nano.a(lib_a-errno.o)
                              ./Application/User/Core/syscalls.o (__errno)
/app/stm32cubeide/plugins/com.st.stm32cube.ide.mcu.externaltools.gnu-tools-for-stm32.10.3-2021.10.linux64_1.0.200.202301161003/tools/bin/../lib/gcc/arm-none-eabi/10.3.1/../../../../arm-none-eabi/lib/thumb/v6-m/nofp/libc_nano.a(lib_a-exit.o)
                              /app/stm32cubeide/plugins/com.st.stm32cube.ide.mcu.externaltools.gnu-tools-for-stm32.10.3-2021.10.linux64_1.0.200.202301161003/tools/bin/../lib/gcc/arm-none-eabi/10.3.1/../../../../arm-none-eabi/lib/thumb/v6-m/nofp/crt0.o (exit)
/app/stm32cubeide/plugins/com.st.stm32cube.ide.mcu.externaltools.gnu-tools-for-stm32.10.3-2021.10.linux64_1.0.200.202301161003/tools/bin/../lib/gcc/arm-none-eabi/10.3.1/../../../../arm-none-eabi/lib/thumb/v6-m/nofp/libc_nano.a(lib_a-impure.o)
                              /app/stm32cubeide/plugins/com.st.stm32cube.ide.mcu.externaltools.gnu-tools-for-stm32.10.3-2021.10.linux64_1.0.200.202301161003/tools/bin/../lib/gcc/arm-none-eabi/10.3.1/../../../../arm-none-eabi/lib/thumb/v6-m/nofp/libc_nano.a(lib_a-exit.o) (_global_impure_ptr)
/app/stm32cubeide/plugins/com.st.stm32cube.ide.mcu.externaltools.gnu-tools-for-stm32.10.3-2021.10.linux64_1.0.200.202301161003/tools/bin/../lib/gcc/arm-none-eabi/10.3.1/../../../../arm-none-eabi/lib/thumb/v6-m/nofp/libc_nano.a(lib_a-init.o)
                              /app/stm32cubeide/plugins/com.st.stm32cube.ide.mcu.externaltools.gnu-tools-for-stm32.10.3-2021.10.linux64_1.0.200.202301161003/tools/bin/../lib/gcc/arm-none-eabi/10.3.1/../../../../arm-none-eabi/lib/thumb/v6-m/nofp/crt0.o (__libc_init_array)
/app/stm32cubeide/plugins/com.st.stm32cube.ide.mcu.externaltools.gnu-tools-for-stm32.10.3-2021.10.linux64_1.0.200.202301161003/tools/bin/../lib/gcc/arm-none-eabi/10.3.1/../../../../arm-none-eabi/lib/thumb/v6-m/nofp/libc_nano.a(lib_a-memset.o)
                              /app/stm32cubeide/plugins/com.st.stm32cube.ide.mcu.externaltools.gnu-tools-for-stm32.10.3-2021.10.linux64_1.0.200.202301161003/tools/bin/../lib/gcc/arm-none-eabi/10.3.1/../../../../arm-none-eabi/lib/thumb/v6-m/nofp/crt0.o (memset)
/app/stm32cubeide/plugins/com.st.stm32cube.ide.mcu.externaltools.gnu-tools-for-stm32.10.3-2021.10.linux64_1.0.200.202301161003/tools/bin/../lib/gcc/arm-none-eabi/10.3.1/thumb/v6-m/nofp/libgcc.a(_udivsi3.o)
                              ./Drivers/CMSIS/system_stm32f0xx.o (__aeabi_uidiv)
/app/stm32cubeide/plugins/com.st.stm32cube.ide.mcu.externaltools.gnu-tools-for-stm32.10.3-2021.10.linux64_1.0.200.202301161003/tools/bin/../lib/gcc/arm-none-eabi/10.3.1/thumb/v6-m/nofp/libgcc.a(_divsi3.o)
                              ./Application/User/Core/main.o (__aeabi_idiv)
/app/stm32cubeide/plugins/com.st.stm32cube.ide.mcu.externaltools.gnu-tools-for-stm32.10.3-2021.10.linux64_1.0.200.202301161003/tools/bin/../lib/gcc/arm-none-eabi/10.3.1/thumb/v6-m/nofp/libgcc.a(_dvmd_tls.o)
                              /app/stm32cubeide/plugins/com.st.stm32cube.ide.mcu.externaltools.gnu-tools-for-stm32.10.3-2021.10.linux64_1.0.200.202301161003/tools/bin/../lib/gcc/arm-none-eabi/10.3.1/thumb/v6-m/nofp/libgcc.a(_udivsi3.o) (__aeabi_idiv0)
/app/stm32cubeide/plugins/com.st.stm32cube.ide.mcu.externaltools.gnu-tools-for-stm32.10.3-2021.10.linux64_1.0.200.202301161003/tools/bin/../lib/gcc/arm-none-eabi/10.3.1/thumb/v6-m/nofp/libgcc.a(_arm_cmpdf2.o)
                              ./Application/User/Core/main.o (__aeabi_dcmplt)
/app/stm32cubeide/plugins/com.st.stm32cube.ide.mcu.externaltools.gnu-tools-for-stm32.10.3-2021.10.linux64_1.0.200.202301161003/tools/bin/../lib/gcc/arm-none-eabi/10.3.1/thumb/v6-m/nofp/libgcc.a(_arm_cmpsf2.o)
                              ./Application/User/Core/main.o (__aeabi_fcmplt)
/app/stm32cubeide/plugins/com.st.stm32cube.ide.mcu.externaltools.gnu-tools-for-stm32.10.3-2021.10.linux64_1.0.200.202301161003/tools/bin/../lib/gcc/arm-none-eabi/10.3.1/thumb/v6-m/nofp/libgcc.a(_fixunsdfsi.o)
                              ./Application/User/Core/main.o (__aeabi_d2uiz)
/app/stm32cubeide/plugins/com.st.stm32cube.ide.mcu.externaltools.gnu-tools-for-stm32.10.3-2021.10.linux64_1.0.200.202301161003/tools/bin/../lib/gcc/arm-none-eabi/10.3.1/thumb/v6-m/nofp/libgcc.a(addsf3.o)
                              ./Application/User/Core/main.o (__aeabi_fadd)
/app/stm32cubeide/plugins/com.st.stm32cube.ide.mcu.externaltools.gnu-tools-for-stm32.10.3-2021.10.linux64_1.0.200.202301161003/tools/bin/../lib/gcc/arm-none-eabi/10.3.1/thumb/v6-m/nofp/libgcc.a(divsf3.o)
                              ./Application/User/Core/main.o (__aeabi_fdiv)
[...]
Memory Configuration

Name             Origin             Length             Attributes
RAM              0x0000000020000000 0x0000000000001800 xrw
FLASH            0x0000000008000000 0x0000000000008000 xr
*default*        0x0000000000000000 0xffffffffffffffff

Linker script and memory map

LOAD /app/stm32cubeide/plugins/com.st.stm32cube.ide.mcu.externaltools.gnu-tools-for-stm32.10.3-2021.10.linux64_1.0.200.202301161003/tools/bin/../lib/gcc/arm-none-eabi/10.3.1/thumb/v6-m/nofp/crti.o
LOAD /app/stm32cubeide/plugins/com.st.stm32cube.ide.mcu.externaltools.gnu-tools-for-stm32.10.3-2021.10.linux64_1.0.200.202301161003/tools/bin/../lib/gcc/arm-none-eabi/10.3.1/thumb/v6-m/nofp/crtbegin.o
LOAD /app/stm32cubeide/plugins/com.st.stm32cube.ide.mcu.externaltools.gnu-tools-for-stm32.10.3-2021.10.linux64_1.0.200.202301161003/tools/bin/../lib/gcc/arm-none-eabi/10.3.1/../../../../arm-none-eabi/lib/thumb/v6-m/nofp/crt0.o
LOAD ./Application/User/Core/INA229/ina229.o
LOAD ./Application/User/Core/ST7920/ST7920.o
LOAD ./Application/User/Core/ads1115/ads1115.o
LOAD ./Application/User/Core/ikb/ikb.o
LOAD ./Application/User/Core/indicator/indicator.o
LOAD ./Application/User/Core/main.o
LOAD ./Application/User/Core/stm32f0xx_hal_msp.o
LOAD ./Application/User/Core/stm32f0xx_it.o
LOAD ./Application/User/Core/syscalls.o
LOAD ./Application/User/Core/sysmem.o
LOAD ./Application/User/Startup/startup_stm32f042c6tx.o
LOAD ./Drivers/CMSIS/system_stm32f0xx.o
LOAD ./Drivers/STM32F0xx_HAL_Driver/stm32f0xx_hal.o
LOAD ./Drivers/STM32F0xx_HAL_Driver/stm32f0xx_hal_cortex.o
LOAD ./Drivers/STM32F0xx_HAL_Driver/stm32f0xx_hal_dma.o
LOAD ./Drivers/STM32F0xx_HAL_Driver/stm32f0xx_hal_exti.o
LOAD ./Drivers/STM32F0xx_HAL_Driver/stm32f0xx_hal_flash.o
LOAD ./Drivers/STM32F0xx_HAL_Driver/stm32f0xx_hal_flash_ex.o
LOAD ./Drivers/STM32F0xx_HAL_Driver/stm32f0xx_hal_gpio.o
LOAD ./Drivers/STM32F0xx_HAL_Driver/stm32f0xx_hal_i2c.o
LOAD ./Drivers/STM32F0xx_HAL_Driver/stm32f0xx_hal_i2c_ex.o
LOAD ./Drivers/STM32F0xx_HAL_Driver/stm32f0xx_hal_pcd.o
LOAD ./Drivers/STM32F0xx_HAL_Driver/stm32f0xx_hal_pcd_ex.o
LOAD ./Drivers/STM32F0xx_HAL_Driver/stm32f0xx_hal_pwr.o
LOAD ./Drivers/STM32F0xx_HAL_Driver/stm32f0xx_hal_pwr_ex.o
LOAD ./Drivers/STM32F0xx_HAL_Driver/stm32f0xx_hal_rcc.o
LOAD ./Drivers/STM32F0xx_HAL_Driver/stm32f0xx_hal_rcc_ex.o
LOAD ./Drivers/STM32F0xx_HAL_Driver/stm32f0xx_hal_spi.o
LOAD ./Drivers/STM32F0xx_HAL_Driver/stm32f0xx_hal_spi_ex.o
LOAD ./Drivers/STM32F0xx_HAL_Driver/stm32f0xx_hal_tim.o
LOAD ./Drivers/STM32F0xx_HAL_Driver/stm32f0xx_hal_tim_ex.o
LOAD ./Drivers/STM32F0xx_HAL_Driver/stm32f0xx_hal_uart.o
LOAD ./Drivers/STM32F0xx_HAL_Driver/stm32f0xx_hal_uart_ex.o
LOAD ./Drivers/STM32F0xx_HAL_Driver/stm32f0xx_ll_usb.o
START GROUP
LOAD /app/stm32cubeide/plugins/com.st.stm32cube.ide.mcu.externaltools.gnu-tools-for-stm32.10.3-2021.10.linux64_1.0.200.202301161003/tools/bin/../lib/gcc/arm-none-eabi/10.3.1/../../../../arm-none-eabi/lib/thumb/v6-m/nofp/libc_nano.a
LOAD /app/stm32cubeide/plugins/com.st.stm32cube.ide.mcu.externaltools.gnu-tools-for-stm32.10.3-2021.10.linux64_1.0.200.202301161003/tools/bin/../lib/gcc/arm-none-eabi/10.3.1/../../../../arm-none-eabi/lib/thumb/v6-m/nofp/libm.a
END GROUP
START GROUP
LOAD /app/stm32cubeide/plugins/com.st.stm32cube.ide.mcu.externaltools.gnu-tools-for-stm32.10.3-2021.10.linux64_1.0.200.202301161003/tools/bin/../lib/gcc/arm-none-eabi/10.3.1/thumb/v6-m/nofp/libgcc.a
LOAD /app/stm32cubeide/plugins/com.st.stm32cube.ide.mcu.externaltools.gnu-tools-for-stm32.10.3-2021.10.linux64_1.0.200.202301161003/tools/bin/../lib/gcc/arm-none-eabi/10.3.1/../../../../arm-none-eabi/lib/thumb/v6-m/nofp/libc_nano.a
END GROUP
START GROUP
LOAD /app/stm32cubeide/plugins/com.st.stm32cube.ide.mcu.externaltools.gnu-tools-for-stm32.10.3-2021.10.linux64_1.0.200.202301161003/tools/bin/../lib/gcc/arm-none-eabi/10.3.1/thumb/v6-m/nofp/libgcc.a
LOAD /app/stm32cubeide/plugins/com.st.stm32cube.ide.mcu.externaltools.gnu-tools-for-stm32.10.3-2021.10.linux64_1.0.200.202301161003/tools/bin/../lib/gcc/arm-none-eabi/10.3.1/../../../../arm-none-eabi/lib/thumb/v6-m/nofp/libc_nano.a
LOAD /app/stm32cubeide/plugins/com.st.stm32cube.ide.mcu.externaltools.gnu-tools-for-stm32.10.3-2021.10.linux64_1.0.200.202301161003/tools/bin/../lib/gcc/arm-none-eabi/10.3.1/../../../../arm-none-eabi/lib/thumb/v6-m/nofp/libnosys.a
END GROUP
START GROUP
LOAD /app/stm32cubeide/plugins/com.st.stm32cube.ide.mcu.externaltools.gnu-tools-for-stm32.10.3-2021.10.linux64_1.0.200.202301161003/tools/bin/../lib/gcc/arm-none-eabi/10.3.1/thumb/v6-m/nofp/libgcc.a
LOAD /app/stm32cubeide/plugins/com.st.stm32cube.ide.mcu.externaltools.gnu-tools-for-stm32.10.3-2021.10.linux64_1.0.200.202301161003/tools/bin/../lib/gcc/arm-none-eabi/10.3.1/../../../../arm-none-eabi/lib/thumb/v6-m/nofp/libc_nano.a
LOAD /app/stm32cubeide/plugins/com.st.stm32cube.ide.mcu.externaltools.gnu-tools-for-stm32.10.3-2021.10.linux64_1.0.200.202301161003/tools/bin/../lib/gcc/arm-none-eabi/10.3.1/../../../../arm-none-eabi/lib/thumb/v6-m/nofp/libnosys.a
END GROUP
LOAD /app/stm32cubeide/plugins/com.st.stm32cube.ide.mcu.externaltools.gnu-tools-for-stm32.10.3-2021.10.linux64_1.0.200.202301161003/tools/bin/../lib/gcc/arm-none-eabi/10.3.1/thumb/v6-m/nofp/crtend.o
LOAD /app/stm32cubeide/plugins/com.st.stm32cube.ide.mcu.externaltools.gnu-tools-for-stm32.10.3-2021.10.linux64_1.0.200.202301161003/tools/bin/../lib/gcc/arm-none-eabi/10.3.1/thumb/v6-m/nofp/crtn.o
                0x0000000020001800                _estack = (ORIGIN (RAM) + LENGTH (RAM))
                0x0000000000000200                _Min_Heap_Size = 0x200
                0x0000000000000400                _Min_Stack_Size = 0x400

.isr_vector     0x0000000008000000       0xc0
                0x0000000008000000                . = ALIGN (0x4)
 *(.isr_vector)
 .isr_vector    0x0000000008000000       0xc0 ./Application/User/Startup/startup_stm32f042c6tx.o
                0x0000000008000000                g_pfnVectors
                0x00000000080000c0                . = ALIGN (0x4)

.text           0x00000000080000c0     0x2bb8
                0x00000000080000c0                . = ALIGN (0x4)
 *(.text)
 .text          0x00000000080000c0       0x48 /app/stm32cubeide/plugins/com.st.stm32cube.ide.mcu.externaltools.gnu-tools-for-stm32.10.3-2021.10.linux64_1.0.200.202301161003/tools/bin/../lib/gcc/arm-none-eabi/10.3.1/thumb/v6-m/nofp/crtbegin.o
 .text          0x0000000008000108      0x114 /app/stm32cubeide/plugins/com.st.stm32cube.ide.mcu.externaltools.gnu-tools-for-stm32.10.3-2021.10.linux64_1.0.200.202301161003/tools/bin/../lib/gcc/arm-none-eabi/10.3.1/thumb/v6-m/nofp/libgcc.a(_udivsi3.o)
                0x0000000008000108                __udivsi3
                0x0000000008000108                __aeabi_uidiv
                0x0000000008000214                __aeabi_uidivmod
 .text          0x000000000800021c        0x4 /app/stm32cubeide/plugins/com.st.stm32cube.ide.mcu.externaltools.gnu-tools-for-stm32.10.3-2021.10.linux64_1.0.200.202301161003/tools/bin/../lib/gcc/arm-none-eabi/10.3.1/thumb/v6-m/nofp/libgcc.a(_dvmd_tls.o)
                0x000000000800021c                __aeabi_ldiv0
                0x000000000800021c                __aeabi_idiv0
 *(.text*)
 .text.indicator_setPortPin
                0x0000000008000220       0x28 ./Application/User/Core/indicator/indicator.o
                0x0000000008000220                indicator_setPortPin
 .text.indicator_setKSysTickTime_ms
                0x0000000008000248       0x20 ./Application/User/Core/indicator/indicator.o
                0x0000000008000248                indicator_setKSysTickTime_ms
 .text.indicator_On
                0x0000000008000268       0x14 ./Application/User/Core/indicator/indicator.o
                0x0000000008000268                indicator_On
 .text.indicator_Off
                0x000000000800027c       0x28 ./Application/User/Core/indicator/indicator.o
                0x000000000800027c                indicator_Off
 .text.indicator_job
                0x00000000080002a4      0x104 ./Application/User/Core/indicator/indicator.o
                0x00000000080002a4                indicator_job
 .text.main     0x00000000080003a8       0x70 ./Application/User/Core/main.o
                0x00000000080003a8                main
 .text.SystemClock_Config
                0x0000000008000418       0xc4 ./Application/User/Core/main.o
                0x0000000008000418                SystemClock_Config
 .text.MX_I2C1_Init
                0x00000000080004dc       0x80 ./Application/User/Core/main.o
 .text.MX_SPI1_Init
                0x000000000800055c       0x7c ./Application/User/Core/main.o
 .text.MX_SPI2_Init
                0x00000000080005d8       0x7c ./Application/User/Core/main.o
 .text.MX_USART1_UART_Init
                0x0000000008000654       0x60 ./Application/User/Core/main.o
 .text.MX_USB_PCD_Init
                0x00000000080006b4       0x4c ./Application/User/Core/main.o
 .text.MX_GPIO_Init
                0x0000000008000700      0x1a4 ./Application/User/Core/main.o
 .text.Error_Handler
                0x00000000080008a4        0xa ./Application/User/Core/main.o
                0x00000000080008a4                Error_Handler
 *fill*         0x00000000080008ae        0x2 
 .text.HAL_MspInit
                0x00000000080008b0       0x48 ./Application/User/Core/stm32f0xx_hal_msp.o
                0x00000000080008b0                HAL_MspInit
 .text.HAL_I2C_MspInit
                0x00000000080008f8       0x9c ./Application/User/Core/stm32f0xx_hal_msp.o
                0x00000000080008f8                HAL_I2C_MspInit
 .text.HAL_SPI_MspInit
                0x0000000008000994      0x144 ./Application/User/Core/stm32f0xx_hal_msp.o
                0x0000000008000994                HAL_SPI_MspInit
 .text.HAL_UART_MspInit
                0x0000000008000ad8       0x9c ./Application/User/Core/stm32f0xx_hal_msp.o
                0x0000000008000ad8                HAL_UART_MspInit
 .text.HAL_PCD_MspInit
                0x0000000008000b74       0x40 ./Application/User/Core/stm32f0xx_hal_msp.o
                0x0000000008000b74                HAL_PCD_MspInit
 .text.NMI_Handler
                0x0000000008000bb4        0x6 ./Application/User/Core/stm32f0xx_it.o
                0x0000000008000bb4                NMI_Handler
 .text.HardFault_Handler
                0x0000000008000bba        0x6 ./Application/User/Core/stm32f0xx_it.o
                0x0000000008000bba                HardFault_Handler
 .text.SVC_Handler
                0x0000000008000bc0        0xa ./Application/User/Core/stm32f0xx_it.o
                0x0000000008000bc0                SVC_Handler
 .text.PendSV_Handler
                0x0000000008000bca        0xa ./Application/User/Core/stm32f0xx_it.o
                0x0000000008000bca                PendSV_Handler
 .text.SysTick_Handler
                0x0000000008000bd4        0xe ./Application/User/Core/stm32f0xx_it.o
                0x0000000008000bd4                SysTick_Handler
 *fill*         0x0000000008000be2        0x2 
 .text.Reset_Handler
                0x0000000008000be4       0x80 ./Application/User/Startup/startup_stm32f042c6tx.o
                0x0000000008000be4                Reset_Handler
 .text.Default_Handler
                0x0000000008000c64        0x2 ./Application/User/Startup/startup_stm32f042c6tx.o
                0x0000000008000c64                TIM1_CC_IRQHandler
                0x0000000008000c64                TSC_IRQHandler
                0x0000000008000c64                I2C1_IRQHandler
                0x0000000008000c64                RCC_CRS_IRQHandler
                0x0000000008000c64                SPI1_IRQHandler
                0x0000000008000c64                EXTI2_3_IRQHandler
                0x0000000008000c64                ADC1_IRQHandler
                0x0000000008000c64                TIM17_IRQHandler
                0x0000000008000c64                CEC_CAN_IRQHandler
                0x0000000008000c64                RTC_IRQHandler
                0x0000000008000c64                PVD_VDDIO2_IRQHandler
                0x0000000008000c64                TIM16_IRQHandler
                0x0000000008000c64                TIM3_IRQHandler
                0x0000000008000c64                EXTI4_15_IRQHandler
                0x0000000008000c64                DMA1_Channel1_IRQHandler
                0x0000000008000c64                Default_Handler
                0x0000000008000c64                TIM14_IRQHandler
                0x0000000008000c64                DMA1_Channel4_5_IRQHandler
                0x0000000008000c64                EXTI0_1_IRQHandler
                0x0000000008000c64                USB_IRQHandler
                0x0000000008000c64                SPI2_IRQHandler
                0x0000000008000c64                WWDG_IRQHandler
                0x0000000008000c64                TIM2_IRQHandler
                0x0000000008000c64                DMA1_Channel2_3_IRQHandler
                0x0000000008000c64                USART2_IRQHandler
                0x0000000008000c64                FLASH_IRQHandler
                0x0000000008000c64                USART1_IRQHandler
                0x0000000008000c64                TIM1_BRK_UP_TRG_COM_IRQHandler
 .text.SystemInit
                0x0000000008000c66        0xa ./Drivers/CMSIS/system_stm32f0xx.o
                0x0000000008000c66                SystemInit
 .text.HAL_Init
                0x0000000008000c70       0x28 ./Drivers/STM32F0xx_HAL_Driver/stm32f0xx_hal.o
                0x0000000008000c70                HAL_Init
 .text.HAL_InitTick
                0x0000000008000c98       0x68 ./Drivers/STM32F0xx_HAL_Driver/stm32f0xx_hal.o
                0x0000000008000c98                HAL_InitTick
 .text.HAL_IncTick
                0x0000000008000d00       0x24 ./Drivers/STM32F0xx_HAL_Driver/stm32f0xx_hal.o
                0x0000000008000d00                HAL_IncTick
 .text.HAL_GetTick
                0x0000000008000d24       0x14 ./Drivers/STM32F0xx_HAL_Driver/stm32f0xx_hal.o
                0x0000000008000d24                HAL_GetTick
 .text.HAL_Delay
                0x0000000008000d38       0x48 ./Drivers/STM32F0xx_HAL_Driver/stm32f0xx_hal.o
                0x0000000008000d38                HAL_Delay
 .text.__NVIC_SetPriority
                0x0000000008000d80       0xdc ./Drivers/STM32F0xx_HAL_Driver/stm32f0xx_hal_cortex.o
 .text.SysTick_Config
                0x0000000008000e5c       0x48 ./Drivers/STM32F0xx_HAL_Driver/stm32f0xx_hal_cortex.o
 .text.HAL_NVIC_SetPriority
                0x0000000008000ea4       0x2a ./Drivers/STM32F0xx_HAL_Driver/stm32f0xx_hal_cortex.o
                0x0000000008000ea4                HAL_NVIC_SetPriority
 .text.HAL_SYSTICK_Config
                0x0000000008000ece       0x1a ./Drivers/STM32F0xx_HAL_Driver/stm32f0xx_hal_cortex.o
                0x0000000008000ece                HAL_SYSTICK_Config
 .text.HAL_GPIO_Init
                0x0000000008000ee8      0x2d0 ./Drivers/STM32F0xx_HAL_Driver/stm32f0xx_hal_gpio.o
                0x0000000008000ee8                HAL_GPIO_Init
 .text.HAL_GPIO_WritePin
                0x00000000080011b8       0x3a ./Drivers/STM32F0xx_HAL_Driver/stm32f0xx_hal_gpio.o
                0x00000000080011b8                HAL_GPIO_WritePin
 .text.HAL_GPIO_TogglePin
                0x00000000080011f2       0x36 ./Drivers/STM32F0xx_HAL_Driver/stm32f0xx_hal_gpio.o
                0x00000000080011f2                HAL_GPIO_TogglePin
 .text.HAL_I2C_Init
                0x0000000008001228      0x12c ./Drivers/STM32F0xx_HAL_Driver/stm32f0xx_hal_i2c.o
                0x0000000008001228                HAL_I2C_Init
 .text.HAL_I2CEx_ConfigAnalogFilter
                0x0000000008001354       0x98 ./Drivers/STM32F0xx_HAL_Driver/stm32f0xx_hal_i2c_ex.o
                0x0000000008001354                HAL_I2CEx_ConfigAnalogFilter
 .text.HAL_I2CEx_ConfigDigitalFilter
                0x00000000080013ec       0x98 ./Drivers/STM32F0xx_HAL_Driver/stm32f0xx_hal_i2c_ex.o
                0x00000000080013ec                HAL_I2CEx_ConfigDigitalFilter
 .text.HAL_PCD_Init
                0x0000000008001484      0x200 ./Drivers/STM32F0xx_HAL_Driver/stm32f0xx_hal_pcd.o
                0x0000000008001484                HAL_PCD_Init
 .text.HAL_PCDEx_ActivateLPM
                0x0000000008001684       0x54 ./Drivers/STM32F0xx_HAL_Driver/stm32f0xx_hal_pcd_ex.o
                0x0000000008001684                HAL_PCDEx_ActivateLPM
 .text.HAL_RCC_OscConfig
                0x00000000080016d8      0x70c ./Drivers/STM32F0xx_HAL_Driver/stm32f0xx_hal_rcc.o
                0x00000000080016d8                HAL_RCC_OscConfig
 .text.HAL_RCC_ClockConfig
                0x0000000008001de4      0x1b4 ./Drivers/STM32F0xx_HAL_Driver/stm32f0xx_hal_rcc.o
                0x0000000008001de4                HAL_RCC_ClockConfig
 .text.HAL_RCC_GetSysClockFreq
                0x0000000008001f98       0xe4 ./Drivers/STM32F0xx_HAL_Driver/stm32f0xx_hal_rcc.o
                0x0000000008001f98                HAL_RCC_GetSysClockFreq
 .text.HAL_RCC_GetHCLKFreq
                0x000000000800207c       0x14 ./Drivers/STM32F0xx_HAL_Driver/stm32f0xx_hal_rcc.o
                0x000000000800207c                HAL_RCC_GetHCLKFreq
 .text.HAL_RCC_GetPCLK1Freq
                0x0000000008002090       0x2c ./Drivers/STM32F0xx_HAL_Driver/stm32f0xx_hal_rcc.o
                0x0000000008002090                HAL_RCC_GetPCLK1Freq
 .text.HAL_RCCEx_PeriphCLKConfig
                0x00000000080020bc      0x1dc ./Drivers/STM32F0xx_HAL_Driver/stm32f0xx_hal_rcc_ex.o
                0x00000000080020bc                HAL_RCCEx_PeriphCLKConfig
 .text.HAL_SPI_Init
                0x0000000008002298      0x170 ./Drivers/STM32F0xx_HAL_Driver/stm32f0xx_hal_spi.o
                0x0000000008002298                HAL_SPI_Init
 .text.HAL_UART_Init
                0x0000000008002408       0xa8 ./Drivers/STM32F0xx_HAL_Driver/stm32f0xx_hal_uart.o
                0x0000000008002408                HAL_UART_Init
 .text.UART_SetConfig
                0x00000000080024b0      0x280 ./Drivers/STM32F0xx_HAL_Driver/stm32f0xx_hal_uart.o
                0x00000000080024b0                UART_SetConfig
 .text.UART_AdvFeatureConfig
                0x0000000008002730      0x168 ./Drivers/STM32F0xx_HAL_Driver/stm32f0xx_hal_uart.o
                0x0000000008002730                UART_AdvFeatureConfig
 .text.UART_CheckIdleState
                0x0000000008002898      0x150 ./Drivers/STM32F0xx_HAL_Driver/stm32f0xx_hal_uart.o
                0x0000000008002898                UART_CheckIdleState
 .text.UART_WaitOnFlagUntilTimeout
                0x00000000080029e8       0xd2 ./Drivers/STM32F0xx_HAL_Driver/stm32f0xx_hal_uart.o
                0x00000000080029e8                UART_WaitOnFlagUntilTimeout
 *fill*         0x0000000008002aba        0x2 
 .text.UART_EndRxTransfer
                0x0000000008002abc       0xc8 ./Drivers/STM32F0xx_HAL_Driver/stm32f0xx_hal_uart.o
 .text.USB_DisableGlobalInt
                0x0000000008002b84       0x34 ./Drivers/STM32F0xx_HAL_Driver/stm32f0xx_ll_usb.o
                0x0000000008002b84                USB_DisableGlobalInt
 .text.USB_DevInit
                0x0000000008002bb8       0x4e ./Drivers/STM32F0xx_HAL_Driver/stm32f0xx_ll_usb.o
                0x0000000008002bb8                USB_DevInit
 *fill*         0x0000000008002c06        0x2 
 .text.__libc_init_array
                0x0000000008002c08       0x48 /app/stm32cubeide/plugins/com.st.stm32cube.ide.mcu.externaltools.gnu-tools-for-stm32.10.3-2021.10.linux64_1.0.200.202301161003/tools/bin/../lib/gcc/arm-none-eabi/10.3.1/../../../../arm-none-eabi/lib/thumb/v6-m/nofp/libc_nano.a(lib_a-init.o)
                0x0000000008002c08                __libc_init_array
 .text.memset   0x0000000008002c50       0x10 /app/stm32cubeide/plugins/com.st.stm32cube.ide.mcu.externaltools.gnu-tools-for-stm32.10.3-2021.10.linux64_1.0.200.202301161003/tools/bin/../lib/gcc/arm-none-eabi/10.3.1/../../../../arm-none-eabi/lib/thumb/v6-m/nofp/libc_nano.a(lib_a-memset.o)
                0x0000000008002c50                memset
 *(.glue_7)
 .glue_7        0x0000000008002c60        0x0 linker stubs
 *(.glue_7t)
 .glue_7t       0x0000000008002c60        0x0 linker stubs
 *(.eh_frame)
 .eh_frame      0x0000000008002c60        0x0 /app/stm32cubeide/plugins/com.st.stm32cube.ide.mcu.externaltools.gnu-tools-for-stm32.10.3-2021.10.linux64_1.0.200.202301161003/tools/bin/../lib/gcc/arm-none-eabi/10.3.1/thumb/v6-m/nofp/crtbegin.o
 *(.init)
 .init          0x0000000008002c60        0x4 /app/stm32cubeide/plugins/com.st.stm32cube.ide.mcu.externaltools.gnu-tools-for-stm32.10.3-2021.10.linux64_1.0.200.202301161003/tools/bin/../lib/gcc/arm-none-eabi/10.3.1/thumb/v6-m/nofp/crti.o
                0x0000000008002c60                _init
 .init          0x0000000008002c64        0x8 /app/stm32cubeide/plugins/com.st.stm32cube.ide.mcu.externaltools.gnu-tools-for-stm32.10.3-2021.10.linux64_1.0.200.202301161003/tools/bin/../lib/gcc/arm-none-eabi/10.3.1/thumb/v6-m/nofp/crtn.o
 *(.fini)
 .fini          0x0000000008002c6c        0x4 /app/stm32cubeide/plugins/com.st.stm32cube.ide.mcu.externaltools.gnu-tools-for-stm32.10.3-2021.10.linux64_1.0.200.202301161003/tools/bin/../lib/gcc/arm-none-eabi/10.3.1/thumb/v6-m/nofp/crti.o
                0x0000000008002c6c                _fini
 .fini          0x0000000008002c70        0x8 /app/stm32cubeide/plugins/com.st.stm32cube.ide.mcu.externaltools.gnu-tools-for-stm32.10.3-2021.10.linux64_1.0.200.202301161003/tools/bin/../lib/gcc/arm-none-eabi/10.3.1/thumb/v6-m/nofp/crtn.o
                0x0000000008002c78                . = ALIGN (0x4)
                0x0000000008002c78                _etext = .

.vfp11_veneer   0x0000000008002c78        0x0
 .vfp11_veneer  0x0000000008002c78        0x0 linker stubs

.v4_bx          0x0000000008002c78        0x0
 .v4_bx         0x0000000008002c78        0x0 linker stubs

.iplt           0x0000000008002c78        0x0
 .iplt          0x0000000008002c78        0x0 /app/stm32cubeide/plugins/com.st.stm32cube.ide.mcu.externaltools.gnu-tools-for-stm32.10.3-2021.10.linux64_1.0.200.202301161003/tools/bin/../lib/gcc/arm-none-eabi/10.3.1/thumb/v6-m/nofp/crtbegin.o

.rodata         0x0000000008002c78       0x38
                0x0000000008002c78                . = ALIGN (0x4)
 *(.rodata)
 *(.rodata*)
 .rodata.AHBPrescTable
                0x0000000008002c78       0x10 ./Drivers/CMSIS/system_stm32f0xx.o
                0x0000000008002c78                AHBPrescTable
 .rodata.APBPrescTable
                0x0000000008002c88        0x8 ./Drivers/CMSIS/system_stm32f0xx.o
                0x0000000008002c88                APBPrescTable
 .rodata.aPLLMULFactorTable.1
                0x0000000008002c90       0x10 ./Drivers/STM32F0xx_HAL_Driver/stm32f0xx_hal_rcc.o
 .rodata.aPredivFactorTable.0
                0x0000000008002ca0       0x10 ./Drivers/STM32F0xx_HAL_Driver/stm32f0xx_hal_rcc.o
                0x0000000008002cb0                . = ALIGN (0x4)

.rel.dyn        0x0000000008002cb0        0x0
 .rel.iplt      0x0000000008002cb0        0x0 /app/stm32cubeide/plugins/com.st.stm32cube.ide.mcu.externaltools.gnu-tools-for-stm32.10.3-2021.10.linux64_1.0.200.202301161003/tools/bin/../lib/gcc/arm-none-eabi/10.3.1/thumb/v6-m/nofp/crtbegin.o

.ARM.extab      0x0000000008002cb0        0x0
                0x0000000008002cb0                . = ALIGN (0x4)
 *(.ARM.extab* .gnu.linkonce.armextab.*)
                0x0000000008002cb0                . = ALIGN (0x4)

.ARM            0x0000000008002cb0        0x0
                0x0000000008002cb0                . = ALIGN (0x4)
                0x0000000008002cb0                __exidx_start = .
 *(.ARM.exidx*)
                0x0000000008002cb0                __exidx_end = .
                0x0000000008002cb0                . = ALIGN (0x4)

.preinit_array  0x0000000008002cb0        0x0
                0x0000000008002cb0                . = ALIGN (0x4)
                0x0000000008002cb0                PROVIDE (__preinit_array_start = .)
 *(.preinit_array*)
                0x0000000008002cb0                PROVIDE (__preinit_array_end = .)
                0x0000000008002cb0                . = ALIGN (0x4)

.init_array     0x0000000008002cb0        0x4
                0x0000000008002cb0                . = ALIGN (0x4)
                0x0000000008002cb0                PROVIDE (__init_array_start = .)
 *(SORT_BY_NAME(.init_array.*))
 *(.init_array*)
 .init_array    0x0000000008002cb0        0x4 /app/stm32cubeide/plugins/com.st.stm32cube.ide.mcu.externaltools.gnu-tools-for-stm32.10.3-2021.10.linux64_1.0.200.202301161003/tools/bin/../lib/gcc/arm-none-eabi/10.3.1/thumb/v6-m/nofp/crtbegin.o
                0x0000000008002cb4                PROVIDE (__init_array_end = .)
                0x0000000008002cb4                . = ALIGN (0x4)

.fini_array     0x0000000008002cb4        0x4
                0x0000000008002cb4                . = ALIGN (0x4)
                [!provide]                        PROVIDE (__fini_array_start = .)
 *(SORT_BY_NAME(.fini_array.*))
 *(.fini_array*)
 .fini_array    0x0000000008002cb4        0x4 /app/stm32cubeide/plugins/com.st.stm32cube.ide.mcu.externaltools.gnu-tools-for-stm32.10.3-2021.10.linux64_1.0.200.202301161003/tools/bin/../lib/gcc/arm-none-eabi/10.3.1/thumb/v6-m/nofp/crtbegin.o
                [!provide]                        PROVIDE (__fini_array_end = .)
                0x0000000008002cb8                . = ALIGN (0x4)
                0x0000000008002cb8                _sidata = LOADADDR (.data)

.data           0x0000000020000000        0xc load address 0x0000000008002cb8
                0x0000000020000000                . = ALIGN (0x4)
                0x0000000020000000                _sdata = .
 *(.data)
 *(.data*)
 .data.SystemCoreClock
                0x0000000020000000        0x4 ./Drivers/CMSIS/system_stm32f0xx.o
                0x0000000020000000                SystemCoreClock
 .data.uwTickPrio
                0x0000000020000004        0x4 ./Drivers/STM32F0xx_HAL_Driver/stm32f0xx_hal.o
                0x0000000020000004                uwTickPrio
 .data.uwTickFreq
                0x0000000020000008        0x1 ./Drivers/STM32F0xx_HAL_Driver/stm32f0xx_hal.o
                0x0000000020000008                uwTickFreq
 *(.RamFunc)
 *(.RamFunc*)
                0x000000002000000c                . = ALIGN (0x4)
 *fill*         0x0000000020000009        0x3 
                0x000000002000000c                _edata = .

.igot.plt       0x000000002000000c        0x0 load address 0x0000000008002cc4
 .igot.plt      0x000000002000000c        0x0 /app/stm32cubeide/plugins/com.st.stm32cube.ide.mcu.externaltools.gnu-tools-for-stm32.10.3-2021.10.linux64_1.0.200.202301161003/tools/bin/../lib/gcc/arm-none-eabi/10.3.1/thumb/v6-m/nofp/crtbegin.o
                0x000000002000000c                . = ALIGN (0x4)

.bss            0x000000002000000c      0x4cc load address 0x0000000008002cc4
                0x000000002000000c                _sbss = .
                0x000000002000000c                __bss_start__ = _sbss
 *(.bss)
 .bss           0x000000002000000c       0x1c /app/stm32cubeide/plugins/com.st.stm32cube.ide.mcu.externaltools.gnu-tools-for-stm32.10.3-2021.10.linux64_1.0.200.202301161003/tools/bin/../lib/gcc/arm-none-eabi/10.3.1/thumb/v6-m/nofp/crtbegin.o
 *(.bss*)
 .bss.indicator
                0x0000000020000028       0x10 ./Application/User/Core/indicator/indicator.o
                0x0000000020000028                indicator
 .bss.hi2c1     0x0000000020000038       0x54 ./Application/User/Core/main.o
                0x0000000020000038                hi2c1
 .bss.hspi1     0x000000002000008c       0x64 ./Application/User/Core/main.o
                0x000000002000008c                hspi1
 .bss.hspi2     0x00000000200000f0       0x64 ./Application/User/Core/main.o
                0x00000000200000f0                hspi2
 .bss.huart1    0x0000000020000154       0x88 ./Application/User/Core/main.o
                0x0000000020000154                huart1
 .bss.hpcd_USB_FS
                0x00000000200001dc      0x2f4 ./Application/User/Core/main.o
                0x00000000200001dc                hpcd_USB_FS
 .bss.main_flag
                0x00000000200004d0        0x4 ./Application/User/Core/main.o
                0x00000000200004d0                main_flag
 .bss.uwTick    0x00000000200004d4        0x4 ./Drivers/STM32F0xx_HAL_Driver/stm32f0xx_hal.o
                0x00000000200004d4                uwTick
 *(COMMON)
                0x00000000200004d8                . = ALIGN (0x4)
                0x00000000200004d8                _ebss = .
                0x00000000200004d8                __bss_end__ = _ebss

._user_heap_stack
                0x00000000200004d8      0x600 load address 0x0000000008002cc4
                0x00000000200004d8                . = ALIGN (0x8)
                [!provide]                        PROVIDE (end = .)
                0x00000000200004d8                PROVIDE (_end = .)
                0x00000000200006d8                . = (. + _Min_Heap_Size)
 *fill*         0x00000000200004d8      0x200 
                0x0000000020000ad8                . = (. + _Min_Stack_Size)
 *fill*         0x00000000200006d8      0x400 
                0x0000000020000ad8                . = ALIGN (0x8)

/DISCARD/
 libc.a(*)
 libm.a(*)
 libgcc.a(*)

.ARM.attributes
                0x0000000000000000       0x28
 *(.ARM.attributes)
 .ARM.attributes
                0x0000000000000000       0x1e /app/stm32cubeide/plugins/com.st.stm32cube.ide.mcu.externaltools.gnu-tools-for-stm32.10.3-2021.10.linux64_1.0.200.202301161003/tools/bin/../lib/gcc/arm-none-eabi/10.3.1/thumb/v6-m/nofp/crti.o
 .ARM.attributes
                0x000000000000001e       0x2c /app/stm32cubeide/plugins/com.st.stm32cube.ide.mcu.externaltools.gnu-tools-for-stm32.10.3-2021.10.linux64_1.0.200.202301161003/tools/bin/../lib/gcc/arm-none-eabi/10.3.1/thumb/v6-m/nofp/crtbegin.o
 .ARM.attributes
                0x000000000000004a       0x2c ./Application/User/Core/indicator/indicator.o
 .ARM.attributes
                0x0000000000000076       0x2c ./Application/User/Core/main.o
 .ARM.attributes
                0x00000000000000a2       0x2c ./Application/User/Core/stm32f0xx_hal_msp.o
 .ARM.attributes
                0x00000000000000ce       0x2c ./Application/User/Core/stm32f0xx_it.o
 .ARM.attributes
                0x00000000000000fa       0x21 ./Application/User/Startup/startup_stm32f042c6tx.o
 .ARM.attributes
                0x000000000000011b       0x2c ./Drivers/CMSIS/system_stm32f0xx.o
 .ARM.attributes
                0x0000000000000147       0x2c ./Drivers/STM32F0xx_HAL_Driver/stm32f0xx_hal.o
 .ARM.attributes
                0x0000000000000173       0x2c ./Drivers/STM32F0xx_HAL_Driver/stm32f0xx_hal_cortex.o
 .ARM.attributes
                0x000000000000019f       0x2c ./Drivers/STM32F0xx_HAL_Driver/stm32f0xx_hal_gpio.o
 .ARM.attributes
                0x00000000000001cb       0x2c ./Drivers/STM32F0xx_HAL_Driver/stm32f0xx_hal_i2c.o
 .ARM.attributes
                0x00000000000001f7       0x2c ./Drivers/STM32F0xx_HAL_Driver/stm32f0xx_hal_i2c_ex.o
 .ARM.attributes
                0x0000000000000223       0x2c ./Drivers/STM32F0xx_HAL_Driver/stm32f0xx_hal_pcd.o
 .ARM.attributes
                0x000000000000024f       0x2c ./Drivers/STM32F0xx_HAL_Driver/stm32f0xx_hal_pcd_ex.o
 .ARM.attributes
                0x000000000000027b       0x2c ./Drivers/STM32F0xx_HAL_Driver/stm32f0xx_hal_rcc.o
 .ARM.attributes
                0x00000000000002a7       0x2c ./Drivers/STM32F0xx_HAL_Driver/stm32f0xx_hal_rcc_ex.o
 .ARM.attributes
                0x00000000000002d3       0x2c ./Drivers/STM32F0xx_HAL_Driver/stm32f0xx_hal_spi.o
 .ARM.attributes
                0x00000000000002ff       0x2c ./Drivers/STM32F0xx_HAL_Driver/stm32f0xx_hal_uart.o
 .ARM.attributes
                0x000000000000032b       0x2c ./Drivers/STM32F0xx_HAL_Driver/stm32f0xx_ll_usb.o
 .ARM.attributes
                0x0000000000000357       0x2c /app/stm32cubeide/plugins/com.st.stm32cube.ide.mcu.externaltools.gnu-tools-for-stm32.10.3-2021.10.linux64_1.0.200.202301161003/tools/bin/../lib/gcc/arm-none-eabi/10.3.1/../../../../arm-none-eabi/lib/thumb/v6-m/nofp/libc_nano.a(lib_a-init.o)
 .ARM.attributes
                0x0000000000000383       0x2c /app/stm32cubeide/plugins/com.st.stm32cube.ide.mcu.externaltools.gnu-tools-for-stm32.10.3-2021.10.linux64_1.0.200.202301161003/tools/bin/../lib/gcc/arm-none-eabi/10.3.1/../../../../arm-none-eabi/lib/thumb/v6-m/nofp/libc_nano.a(lib_a-memset.o)
 .ARM.attributes
                0x00000000000003af       0x1e /app/stm32cubeide/plugins/com.st.stm32cube.ide.mcu.externaltools.gnu-tools-for-stm32.10.3-2021.10.linux64_1.0.200.202301161003/tools/bin/../lib/gcc/arm-none-eabi/10.3.1/thumb/v6-m/nofp/libgcc.a(_udivsi3.o)
 .ARM.attributes
                0x00000000000003cd       0x1e /app/stm32cubeide/plugins/com.st.stm32cube.ide.mcu.externaltools.gnu-tools-for-stm32.10.3-2021.10.linux64_1.0.200.202301161003/tools/bin/../lib/gcc/arm-none-eabi/10.3.1/thumb/v6-m/nofp/libgcc.a(_dvmd_tls.o)
 .ARM.attributes
                0x00000000000003eb       0x1e /app/stm32cubeide/plugins/com.st.stm32cube.ide.mcu.externaltools.gnu-tools-for-stm32.10.3-2021.10.linux64_1.0.200.202301161003/tools/bin/../lib/gcc/arm-none-eabi/10.3.1/thumb/v6-m/nofp/crtn.o
OUTPUT(STM32Firmware.elf elf32-littlearm)
LOAD linker stubs
LOAD /app/stm32cubeide/plugins/com.st.stm32cube.ide.mcu.externaltools.gnu-tools-for-stm32.10.3-2021.10.linux64_1.0.200.202301161003/tools/bin/../lib/gcc/arm-none-eabi/10.3.1/../../../../arm-none-eabi/lib/thumb/v6-m/nofp/libc.a
LOAD /app/stm32cubeide/plugins/com.st.stm32cube.ide.mcu.externaltools.gnu-tools-for-stm32.10.3-2021.10.linux64_1.0.200.202301161003/tools/bin/../lib/gcc/arm-none-eabi/10.3.1/../../../../arm-none-eabi/lib/thumb/v6-m/nofp/libm.a
LOAD /app/stm32cubeide/plugins/com.st.stm32cube.ide.mcu.externaltools.gnu-tools-for-stm32.10.3-2021.10.linux64_1.0.200.202301161003/tools/bin/../lib/gcc/arm-none-eabi/10.3.1/thumb/v6-m/nofp/libgcc.a

.debug_info     0x0000000000000000    0x11165
 .debug_info    0x0000000000000000      0x37a ./Application/User/Core/indicator/indicator.o
 .debug_info    0x000000000000037a     0x1b15 ./Application/User/Core/main.o
 .debug_info    0x0000000000001e8f     0x15d0 ./Application/User/Core/stm32f0xx_hal_msp.o
 .debug_info    0x000000000000345f       0xda ./Application/User/Core/stm32f0xx_it.o
 .debug_info    0x0000000000003539       0x22 ./Application/User/Startup/startup_stm32f042c6tx.o
 .debug_info    0x000000000000355b      0x269 ./Drivers/CMSIS/system_stm32f0xx.o
 .debug_info    0x00000000000037c4      0x6d2 ./Drivers/STM32F0xx_HAL_Driver/stm32f0xx_hal.o
 .debug_info    0x0000000000003e96      0x705 ./Drivers/STM32F0xx_HAL_Driver/stm32f0xx_hal_cortex.o
 .debug_info    0x000000000000459b      0x628 ./Drivers/STM32F0xx_HAL_Driver/stm32f0xx_hal_gpio.o
 .debug_info    0x0000000000004bc3     0x2270 ./Drivers/STM32F0xx_HAL_Driver/stm32f0xx_hal_i2c.o
 .debug_info    0x0000000000006e33      0x8be ./Drivers/STM32F0xx_HAL_Driver/stm32f0xx_hal_i2c_ex.o
 .debug_info    0x00000000000076f1     0x1716 ./Drivers/STM32F0xx_HAL_Driver/stm32f0xx_hal_pcd.o
 .debug_info    0x0000000000008e07      0x882 ./Drivers/STM32F0xx_HAL_Driver/stm32f0xx_hal_pcd_ex.o
 .debug_info    0x0000000000009689      0x8b0 ./Drivers/STM32F0xx_HAL_Driver/stm32f0xx_hal_rcc.o
 .debug_info    0x0000000000009f39      0x640 ./Drivers/STM32F0xx_HAL_Driver/stm32f0xx_hal_rcc_ex.o
 .debug_info    0x000000000000a579     0x1781 ./Drivers/STM32F0xx_HAL_Driver/stm32f0xx_hal_spi.o
 .debug_info    0x000000000000bcfa     0x3d40 ./Drivers/STM32F0xx_HAL_Driver/stm32f0xx_hal_uart.o
 .debug_info    0x000000000000fa3a     0x172b ./Drivers/STM32F0xx_HAL_Driver/stm32f0xx_ll_usb.o

.debug_abbrev   0x0000000000000000     0x23d5
 .debug_abbrev  0x0000000000000000      0x1d4 ./Application/User/Core/indicator/indicator.o
 .debug_abbrev  0x00000000000001d4      0x37d ./Application/User/Core/main.o
 .debug_abbrev  0x0000000000000551      0x220 ./Application/User/Core/stm32f0xx_hal_msp.o
 .debug_abbrev  0x0000000000000771       0x74 ./Application/User/Core/stm32f0xx_it.o
 .debug_abbrev  0x00000000000007e5       0x12 ./Application/User/Startup/startup_stm32f042c6tx.o
 .debug_abbrev  0x00000000000007f7      0x116 ./Drivers/CMSIS/system_stm32f0xx.o
 .debug_abbrev  0x000000000000090d      0x23f ./Drivers/STM32F0xx_HAL_Driver/stm32f0xx_hal.o
 .debug_abbrev  0x0000000000000b4c      0x283 ./Drivers/STM32F0xx_HAL_Driver/stm32f0xx_hal_cortex.o
 .debug_abbrev  0x0000000000000dcf      0x1bb ./Drivers/STM32F0xx_HAL_Driver/stm32f0xx_hal_gpio.o
 .debug_abbrev  0x0000000000000f8a      0x24a ./Drivers/STM32F0xx_HAL_Driver/stm32f0xx_hal_i2c.o
 .debug_abbrev  0x00000000000011d4      0x1b0 ./Drivers/STM32F0xx_HAL_Driver/stm32f0xx_hal_i2c_ex.o
 .debug_abbrev  0x0000000000001384      0x2a4 ./Drivers/STM32F0xx_HAL_Driver/stm32f0xx_hal_pcd.o
 .debug_abbrev  0x0000000000001628      0x21d ./Drivers/STM32F0xx_HAL_Driver/stm32f0xx_hal_pcd_ex.o
 .debug_abbrev  0x0000000000001845      0x283 ./Drivers/STM32F0xx_HAL_Driver/stm32f0xx_hal_rcc.o
 .debug_abbrev  0x0000000000001ac8      0x1d0 ./Drivers/STM32F0xx_HAL_Driver/stm32f0xx_hal_rcc_ex.o
 .debug_abbrev  0x0000000000001c98      0x254 ./Drivers/STM32F0xx_HAL_Driver/stm32f0xx_hal_spi.o
 .debug_abbrev  0x0000000000001eec      0x2ba ./Drivers/STM32F0xx_HAL_Driver/stm32f0xx_hal_uart.o
 .debug_abbrev  0x00000000000021a6      0x22f ./Drivers/STM32F0xx_HAL_Driver/stm32f0xx_ll_usb.o

.debug_aranges  0x0000000000000000      0xdb8
 .debug_aranges
                0x0000000000000000       0x48 ./Application/User/Core/indicator/indicator.o
 .debug_aranges
                0x0000000000000048       0x70 ./Application/User/Core/main.o
 .debug_aranges
                0x00000000000000b8       0x60 ./Application/User/Core/stm32f0xx_hal_msp.o
 .debug_aranges
                0x0000000000000118       0x40 ./Application/User/Core/stm32f0xx_it.o
 .debug_aranges
                0x0000000000000158       0x28 ./Application/User/Startup/startup_stm32f042c6tx.o
 .debug_aranges
                0x0000000000000180       0x28 ./Drivers/CMSIS/system_stm32f0xx.o
 .debug_aranges
                0x00000000000001a8       0xd0 ./Drivers/STM32F0xx_HAL_Driver/stm32f0xx_hal.o
 .debug_aranges
                0x0000000000000278       0xc0 ./Drivers/STM32F0xx_HAL_Driver/stm32f0xx_hal_cortex.o
 .debug_aranges
                0x0000000000000338       0x58 ./Drivers/STM32F0xx_HAL_Driver/stm32f0xx_hal_gpio.o
 .debug_aranges
                0x0000000000000390      0x2a0 ./Drivers/STM32F0xx_HAL_Driver/stm32f0xx_hal_i2c.o
 .debug_aranges
                0x0000000000000630       0x48 ./Drivers/STM32F0xx_HAL_Driver/stm32f0xx_hal_i2c_ex.o
 .debug_aranges
                0x0000000000000678      0x138 ./Drivers/STM32F0xx_HAL_Driver/stm32f0xx_hal_pcd.o
 .debug_aranges
                0x00000000000007b0       0x58 ./Drivers/STM32F0xx_HAL_Driver/stm32f0xx_hal_pcd_ex.o
 .debug_aranges
                0x0000000000000808       0x80 ./Drivers/STM32F0xx_HAL_Driver/stm32f0xx_hal_rcc.o
 .debug_aranges
                0x0000000000000888       0x78 ./Drivers/STM32F0xx_HAL_Driver/stm32f0xx_hal_rcc_ex.o
 .debug_aranges
                0x0000000000000900      0x1d8 ./Drivers/STM32F0xx_HAL_Driver/stm32f0xx_hal_spi.o
 .debug_aranges
                0x0000000000000ad8      0x228 ./Drivers/STM32F0xx_HAL_Driver/stm32f0xx_hal_uart.o
 .debug_aranges
                0x0000000000000d00       0xb8 ./Drivers/STM32F0xx_HAL_Driver/stm32f0xx_ll_usb.o

.debug_ranges   0x0000000000000000      0xcd0
 .debug_ranges  0x0000000000000000       0x38 ./Application/User/Core/indicator/indicator.o
 .debug_ranges  0x0000000000000038       0x60 ./Application/User/Core/main.o
 .debug_ranges  0x0000000000000098       0x50 ./Application/User/Core/stm32f0xx_hal_msp.o
 .debug_ranges  0x00000000000000e8       0x30 ./Application/User/Core/stm32f0xx_it.o
 .debug_ranges  0x0000000000000118       0x20 ./Application/User/Startup/startup_stm32f042c6tx.o
 .debug_ranges  0x0000000000000138       0x18 ./Drivers/CMSIS/system_stm32f0xx.o
 .debug_ranges  0x0000000000000150       0xc0 ./Drivers/STM32F0xx_HAL_Driver/stm32f0xx_hal.o
 .debug_ranges  0x0000000000000210       0xb0 ./Drivers/STM32F0xx_HAL_Driver/stm32f0xx_hal_cortex.o
 .debug_ranges  0x00000000000002c0       0x48 ./Drivers/STM32F0xx_HAL_Driver/stm32f0xx_hal_gpio.o
 .debug_ranges  0x0000000000000308      0x290 ./Drivers/STM32F0xx_HAL_Driver/stm32f0xx_hal_i2c.o
 .debug_ranges  0x0000000000000598       0x38 ./Drivers/STM32F0xx_HAL_Driver/stm32f0xx_hal_i2c_ex.o
 .debug_ranges  0x00000000000005d0      0x128 ./Drivers/STM32F0xx_HAL_Driver/stm32f0xx_hal_pcd.o
 .debug_ranges  0x00000000000006f8       0x48 ./Drivers/STM32F0xx_HAL_Driver/stm32f0xx_hal_pcd_ex.o
 .debug_ranges  0x0000000000000740       0x70 ./Drivers/STM32F0xx_HAL_Driver/stm32f0xx_hal_rcc.o
 .debug_ranges  0x00000000000007b0       0x68 ./Drivers/STM32F0xx_HAL_Driver/stm32f0xx_hal_rcc_ex.o
 .debug_ranges  0x0000000000000818      0x1c8 ./Drivers/STM32F0xx_HAL_Driver/stm32f0xx_hal_spi.o
 .debug_ranges  0x00000000000009e0      0x248 ./Drivers/STM32F0xx_HAL_Driver/stm32f0xx_hal_uart.o
 .debug_ranges  0x0000000000000c28       0xa8 ./Drivers/STM32F0xx_HAL_Driver/stm32f0xx_ll_usb.o

.debug_macro    0x0000000000000000     0x2330
 .debug_macro   0x0000000000000000      0x30b ./Application/User/Core/indicator/indicator.o
 .debug_macro   0x000000000000030b      0x228 ./Application/User/Core/main.o
 .debug_macro   0x0000000000000533      0x1f6 ./Application/User/Core/stm32f0xx_hal_msp.o
 .debug_macro   0x0000000000000729      0x200 ./Application/User/Core/stm32f0xx_it.o
 .debug_macro   0x0000000000000929      0x1e7 ./Drivers/CMSIS/system_stm32f0xx.o
 .debug_macro   0x0000000000000b10      0x20b ./Drivers/STM32F0xx_HAL_Driver/stm32f0xx_hal.o
 .debug_macro   0x0000000000000d1b      0x1e7 ./Drivers/STM32F0xx_HAL_Driver/stm32f0xx_hal_cortex.o
 .debug_macro   0x0000000000000f02      0x1ee ./Drivers/STM32F0xx_HAL_Driver/stm32f0xx_hal_gpio.o
 .debug_macro   0x00000000000010f0      0x2b3 ./Drivers/STM32F0xx_HAL_Driver/stm32f0xx_hal_i2c.o
 .debug_macro   0x00000000000013a3      0x1e7 ./Drivers/STM32F0xx_HAL_Driver/stm32f0xx_hal_i2c_ex.o
 .debug_macro   0x000000000000158a      0x1f3 ./Drivers/STM32F0xx_HAL_Driver/stm32f0xx_hal_pcd.o
 .debug_macro   0x000000000000177d      0x1e7 ./Drivers/STM32F0xx_HAL_Driver/stm32f0xx_hal_pcd_ex.o
 .debug_macro   0x0000000000001964      0x1f9 ./Drivers/STM32F0xx_HAL_Driver/stm32f0xx_hal_rcc.o
 .debug_macro   0x0000000000001b5d      0x1f9 ./Drivers/STM32F0xx_HAL_Driver/stm32f0xx_hal_rcc_ex.o
 .debug_macro   0x0000000000001d56      0x1ef ./Drivers/STM32F0xx_HAL_Driver/stm32f0xx_hal_spi.o
 .debug_macro   0x0000000000001f45      0x204 ./Drivers/STM32F0xx_HAL_Driver/stm32f0xx_hal_uart.o
 .debug_macro   0x0000000000002149      0x1e7 ./Drivers/STM32F0xx_HAL_Driver/stm32f0xx_ll_usb.o

.debug_line     0x0000000000000000    0x11cf8
 .debug_line    0x0000000000000000      0x986 ./Application/User/Core/indicator/indicator.o
 .debug_line    0x0000000000000986      0xc10 ./Application/User/Core/main.o
 .debug_line    0x0000000000001596      0x86f ./Application/User/Core/stm32f0xx_hal_msp.o
 .debug_line    0x0000000000001e05      0x772 ./Application/User/Core/stm32f0xx_it.o
 .debug_line    0x0000000000002577       0xa7 ./Application/User/Startup/startup_stm32f042c6tx.o
 .debug_line    0x000000000000261e      0x795 ./Drivers/CMSIS/system_stm32f0xx.o
 .debug_line    0x0000000000002db3      0x988 ./Drivers/STM32F0xx_HAL_Driver/stm32f0xx_hal.o
 .debug_line    0x000000000000373b      0xa34 ./Drivers/STM32F0xx_HAL_Driver/stm32f0xx_hal_cortex.o
 .debug_line    0x000000000000416f      0xaf0 ./Drivers/STM32F0xx_HAL_Driver/stm32f0xx_hal_gpio.o
 .debug_line    0x0000000000004c5f     0x3794 ./Drivers/STM32F0xx_HAL_Driver/stm32f0xx_hal_i2c.o
 .debug_line    0x00000000000083f3      0x92b ./Drivers/STM32F0xx_HAL_Driver/stm32f0xx_hal_i2c_ex.o
 .debug_line    0x0000000000008d1e     0x132b ./Drivers/STM32F0xx_HAL_Driver/stm32f0xx_hal_pcd.o
 .debug_line    0x000000000000a049      0x876 ./Drivers/STM32F0xx_HAL_Driver/stm32f0xx_hal_pcd_ex.o
 .debug_line    0x000000000000a8bf      0xe13 ./Drivers/STM32F0xx_HAL_Driver/stm32f0xx_hal_rcc.o
 .debug_line    0x000000000000b6d2      0xbc6 ./Drivers/STM32F0xx_HAL_Driver/stm32f0xx_hal_rcc_ex.o
 .debug_line    0x000000000000c298     0x1e9a ./Drivers/STM32F0xx_HAL_Driver/stm32f0xx_hal_spi.o
 .debug_line    0x000000000000e132     0x2c3c ./Drivers/STM32F0xx_HAL_Driver/stm32f0xx_hal_uart.o
 .debug_line    0x0000000000010d6e      0xf8a ./Drivers/STM32F0xx_HAL_Driver/stm32f0xx_ll_usb.o

.debug_str      0x0000000000000000    0x90404
 .debug_str     0x0000000000000000    0x8b1f8 ./Application/User/Core/indicator/indicator.o
                                      0x8b4af (size before relaxing)
 .debug_str     0x000000000008b1f8     0x1d58 ./Application/User/Core/main.o
                                      0x89ff4 (size before relaxing)
 .debug_str     0x000000000008cf50       0xff ./Application/User/Core/stm32f0xx_hal_msp.o
                                      0x88d95 (size before relaxing)
 .debug_str     0x000000000008d04f       0xa6 ./Application/User/Core/stm32f0xx_it.o
                                      0x88087 (size before relaxing)
 .debug_str     0x000000000008d0f5       0x42 ./Application/User/Startup/startup_stm32f042c6tx.o
                                         0x7c (size before relaxing)
 .debug_str     0x000000000008d137       0xaf ./Drivers/CMSIS/system_stm32f0xx.o
                                      0x87cf2 (size before relaxing)
 .debug_str     0x000000000008d1e6      0x4e5 ./Drivers/STM32F0xx_HAL_Driver/stm32f0xx_hal.o
                                      0x882a4 (size before relaxing)
 .debug_str     0x000000000008d6cb      0x1c4 ./Drivers/STM32F0xx_HAL_Driver/stm32f0xx_hal_cortex.o
                                      0x88095 (size before relaxing)
 .debug_str     0x000000000008d88f      0x115 ./Drivers/STM32F0xx_HAL_Driver/stm32f0xx_hal_gpio.o
                                      0x87e93 (size before relaxing)
 .debug_str     0x000000000008d9a4      0xe73 ./Drivers/STM32F0xx_HAL_Driver/stm32f0xx_hal_i2c.o
                                      0x89053 (size before relaxing)
 .debug_str     0x000000000008e817       0xdc ./Drivers/STM32F0xx_HAL_Driver/stm32f0xx_hal_i2c_ex.o
                                      0x8827a (size before relaxing)
 .debug_str     0x000000000008e8f3      0x55a ./Drivers/STM32F0xx_HAL_Driver/stm32f0xx_hal_pcd.o
                                      0x8859d (size before relaxing)
 .debug_str     0x000000000008ee4d      0x1aa ./Drivers/STM32F0xx_HAL_Driver/stm32f0xx_hal_pcd_ex.o
                                      0x881f9 (size before relaxing)
 .debug_str     0x000000000008eff7      0x233 ./Drivers/STM32F0xx_HAL_Driver/stm32f0xx_hal_rcc.o
                                      0x88139 (size before relaxing)
 .debug_str     0x000000000008f22a      0x2d3 ./Drivers/STM32F0xx_HAL_Driver/stm32f0xx_hal_rcc_ex.o
                                      0x880dc (size before relaxing)
 .debug_str     0x000000000008f4fd      0x584 ./Drivers/STM32F0xx_HAL_Driver/stm32f0xx_hal_spi.o
                                      0x88662 (size before relaxing)
 .debug_str     0x000000000008fa81      0x88c ./Drivers/STM32F0xx_HAL_Driver/stm32f0xx_hal_uart.o
                                      0x88a56 (size before relaxing)
 .debug_str     0x000000000009030d       0xf7 ./Drivers/STM32F0xx_HAL_Driver/stm32f0xx_ll_usb.o
                                      0x880da (size before relaxing)

.comment        0x0000000000000000       0x50
 .comment       0x0000000000000000       0x50 ./Application/User/Core/indicator/indicator.o
                                         0x51 (size before relaxing)
 .comment       0x0000000000000050       0x51 ./Application/User/Core/main.o
 .comment       0x0000000000000050       0x51 ./Application/User/Core/stm32f0xx_hal_msp.o
 .comment       0x0000000000000050       0x51 ./Application/User/Core/stm32f0xx_it.o
 .comment       0x0000000000000050       0x51 ./Drivers/CMSIS/system_stm32f0xx.o
 .comment       0x0000000000000050       0x51 ./Drivers/STM32F0xx_HAL_Driver/stm32f0xx_hal.o
 .comment       0x0000000000000050       0x51 ./Drivers/STM32F0xx_HAL_Driver/stm32f0xx_hal_cortex.o
 .comment       0x0000000000000050       0x51 ./Drivers/STM32F0xx_HAL_Driver/stm32f0xx_hal_gpio.o
 .comment       0x0000000000000050       0x51 ./Drivers/STM32F0xx_HAL_Driver/stm32f0xx_hal_i2c.o
 .comment       0x0000000000000050       0x51 ./Drivers/STM32F0xx_HAL_Driver/stm32f0xx_hal_i2c_ex.o
 .comment       0x0000000000000050       0x51 ./Drivers/STM32F0xx_HAL_Driver/stm32f0xx_hal_pcd.o
 .comment       0x0000000000000050       0x51 ./Drivers/STM32F0xx_HAL_Driver/stm32f0xx_hal_pcd_ex.o
 .comment       0x0000000000000050       0x51 ./Drivers/STM32F0xx_HAL_Driver/stm32f0xx_hal_rcc.o
 .comment       0x0000000000000050       0x51 ./Drivers/STM32F0xx_HAL_Driver/stm32f0xx_hal_rcc_ex.o
 .comment       0x0000000000000050       0x51 ./Drivers/STM32F0xx_HAL_Driver/stm32f0xx_hal_spi.o
 .comment       0x0000000000000050       0x51 ./Drivers/STM32F0xx_HAL_Driver/stm32f0xx_hal_uart.o
 .comment       0x0000000000000050       0x51 ./Drivers/STM32F0xx_HAL_Driver/stm32f0xx_ll_usb.o

.debug_frame    0x0000000000000000     0x30e8
 .debug_frame   0x0000000000000000       0xc0 ./Application/User/Core/indicator/indicator.o
 .debug_frame   0x00000000000000c0      0x160 ./Application/User/Core/main.o
 .debug_frame   0x0000000000000220      0x130 ./Application/User/Core/stm32f0xx_hal_msp.o
 .debug_frame   0x0000000000000350       0x9c ./Application/User/Core/stm32f0xx_it.o
 .debug_frame   0x00000000000003ec       0x4c ./Drivers/CMSIS/system_stm32f0xx.o
 .debug_frame   0x0000000000000438      0x2a4 ./Drivers/STM32F0xx_HAL_Driver/stm32f0xx_hal.o
 .debug_frame   0x00000000000006dc      0x2a0 ./Drivers/STM32F0xx_HAL_Driver/stm32f0xx_hal_cortex.o
 .debug_frame   0x000000000000097c      0x110 ./Drivers/STM32F0xx_HAL_Driver/stm32f0xx_hal_gpio.o
 .debug_frame   0x0000000000000a8c      0xa64 ./Drivers/STM32F0xx_HAL_Driver/stm32f0xx_hal_i2c.o
 .debug_frame   0x00000000000014f0       0xd0 ./Drivers/STM32F0xx_HAL_Driver/stm32f0xx_hal_i2c_ex.o
 .debug_frame   0x00000000000015c0      0x49c ./Drivers/STM32F0xx_HAL_Driver/stm32f0xx_hal_pcd.o
 .debug_frame   0x0000000000001a5c      0x110 ./Drivers/STM32F0xx_HAL_Driver/stm32f0xx_hal_pcd_ex.o
 .debug_frame   0x0000000000001b6c      0x198 ./Drivers/STM32F0xx_HAL_Driver/stm32f0xx_hal_rcc.o
 .debug_frame   0x0000000000001d04      0x180 ./Drivers/STM32F0xx_HAL_Driver/stm32f0xx_hal_rcc_ex.o
 .debug_frame   0x0000000000001e84      0x710 ./Drivers/STM32F0xx_HAL_Driver/stm32f0xx_hal_spi.o
 .debug_frame   0x0000000000002594      0x850 ./Drivers/STM32F0xx_HAL_Driver/stm32f0xx_hal_uart.o
 .debug_frame   0x0000000000002de4      0x298 ./Drivers/STM32F0xx_HAL_Driver/stm32f0xx_ll_usb.o
 .debug_frame   0x000000000000307c       0x2c /app/stm32cubeide/plugins/com.st.stm32cube.ide.mcu.externaltools.gnu-tools-for-stm32.10.3-2021.10.linux64_1.0.200.202301161003/tools/bin/../lib/gcc/arm-none-eabi/10.3.1/../../../../arm-none-eabi/lib/thumb/v6-m/nofp/libc_nano.a(lib_a-init.o)
 .debug_frame   0x00000000000030a8       0x20 /app/stm32cubeide/plugins/com.st.stm32cube.ide.mcu.externaltools.gnu-tools-for-stm32.10.3-2021.10.linux64_1.0.200.202301161003/tools/bin/../lib/gcc/arm-none-eabi/10.3.1/../../../../arm-none-eabi/lib/thumb/v6-m/nofp/libc_nano.a(lib_a-memset.o)
 .debug_frame   0x00000000000030c8       0x20 /app/stm32cubeide/plugins/com.st.stm32cube.ide.mcu.externaltools.gnu-tools-for-stm32.10.3-2021.10.linux64_1.0.200.202301161003/tools/bin/../lib/gcc/arm-none-eabi/10.3.1/thumb/v6-m/nofp/libgcc.a(_udivsi3.o)
