Archive member included to satisfy reference by file (symbol)

/app/stm32cubeide/plugins/com.st.stm32cube.ide.mcu.externaltools.gnu-tools-for-stm32.10.3-2021.10.linux64_1.0.200.202301161003/tools/bin/../lib/gcc/arm-none-eabi/10.3.1/../../../../arm-none-eabi/lib/thumb/v6-m/nofp/libc_nano.a(lib_a-errno.o)
                              ./Application/User/Core/syscalls.o (__errno)
/app/stm32cubeide/plugins/com.st.stm32cube.ide.mcu.externaltools.gnu-tools-for-stm32.10.3-2021.10.linux64_1.0.200.202301161003/tools/bin/../lib/gcc/arm-none-eabi/10.3.1/../../../../arm-none-eabi/lib/thumb/v6-m/nofp/libc_nano.a(lib_a-exit.o)
                              /app/stm32cubeide/plugins/com.st.stm32cube.ide.mcu.externaltools.gnu-tools-for-stm32.10.3-2021.10.linux64_1.0.200.202301161003/tools/bin/../lib/gcc/arm-none-eabi/10.3.1/../../../../arm-none-eabi/lib/thumb/v6-m/nofp/crt0.o (exit)
/app/stm32cubeide/plugins/com.st.stm32cube.ide.mcu.externaltools.gnu-tools-for-stm32.10.3-2021.10.linux64_1.0.200.202301161003/tools/bin/../lib/gcc/arm-none-eabi/10.3.1/../../../../arm-none-eabi/lib/thumb/v6-m/nofp/libc_nano.a(lib_a-impure.o)
                              /app/stm32cubeide/plugins/com.st.stm32cube.ide.mcu.externaltools.gnu-tools-for-stm32.10.3-2021.10.linux64_1.0.200.202301161003/tools/bin/../lib/gcc/arm-none-eabi/10.3.1/../../../../arm-none-eabi/lib/thumb/v6-m/nofp/libc_nano.a(lib_a-exit.o) (_global_impure_ptr)
/app/stm32cubeide/plugins/com.st.stm32cube.ide.mcu.externaltools.gnu-tools-for-stm32.10.3-2021.10.linux64_1.0.200.202301161003/tools/bin/../lib/gcc/arm-none-eabi/10.3.1/../../../../arm-none-eabi/lib/thumb/v6-m/nofp/libc_nano.a(lib_a-init.o)
                              /app/stm32cubeide/plugins/com.st.stm32cube.ide.mcu.externaltools.gnu-tools-for-stm32.10.3-2021.10.linux64_1.0.200.202301161003/tools/bin/../lib/gcc/arm-none-eabi/10.3.1/../../../../arm-none-eabi/lib/thumb/v6-m/nofp/crt0.o (__libc_init_array)
/app/stm32cubeide/plugins/com.st.stm32cube.ide.mcu.externaltools.gnu-tools-for-stm32.10.3-2021.10.linux64_1.0.200.202301161003/tools/bin/../lib/gcc/arm-none-eabi/10.3.1/../../../../arm-none-eabi/lib/thumb/v6-m/nofp/libc_nano.a(lib_a-memset.o)
                              /app/stm32cubeide/plugins/com.st.stm32cube.ide.mcu.externaltools.gnu-tools-for-stm32.10.3-2021.10.linux64_1.0.200.202301161003/tools/bin/../lib/gcc/arm-none-eabi/10.3.1/../../../../arm-none-eabi/lib/thumb/v6-m/nofp/crt0.o (memset)
/app/stm32cubeide/plugins/com.st.stm32cube.ide.mcu.externaltools.gnu-tools-for-stm32.10.3-2021.10.linux64_1.0.200.202301161003/tools/bin/../lib/gcc/arm-none-eabi/10.3.1/thumb/v6-m/nofp/libgcc.a(_udivsi3.o)
                              ./Drivers/CMSIS/system_stm32f0xx.o (__aeabi_uidiv)
/app/stm32cubeide/plugins/com.st.stm32cube.ide.mcu.externaltools.gnu-tools-for-stm32.10.3-2021.10.linux64_1.0.200.202301161003/tools/bin/../lib/gcc/arm-none-eabi/10.3.1/thumb/v6-m/nofp/libgcc.a(_divsi3.o)
                              ./Application/User/Core/main.o (__aeabi_idiv)
/app/stm32cubeide/plugins/com.st.stm32cube.ide.mcu.externaltools.gnu-tools-for-stm32.10.3-2021.10.linux64_1.0.200.202301161003/tools/bin/../lib/gcc/arm-none-eabi/10.3.1/thumb/v6-m/nofp/libgcc.a(_dvmd_tls.o)
                              /app/stm32cubeide/plugins/com.st.stm32cube.ide.mcu.externaltools.gnu-tools-for-stm32.10.3-2021.10.linux64_1.0.200.202301161003/tools/bin/../lib/gcc/arm-none-eabi/10.3.1/thumb/v6-m/nofp/libgcc.a(_udivsi3.o) (__aeabi_idiv0)
/app/stm32cubeide/plugins/com.st.stm32cube.ide.mcu.externaltools.gnu-tools-for-stm32.10.3-2021.10.linux64_1.0.200.202301161003/tools/bin/../lib/gcc/arm-none-eabi/10.3.1/thumb/v6-m/nofp/libgcc.a(_arm_cmpdf2.o)
                              ./Application/User/Core/main.o (__aeabi_dcmplt)
/app/stm32cubeide/plugins/com.st.stm32cube.ide.mcu.externaltools.gnu-tools-for-stm32.10.3-2021.10.linux64_1.0.200.202301161003/tools/bin/../lib/gcc/arm-none-eabi/10.3.1/thumb/v6-m/nofp/libgcc.a(_arm_cmpsf2.o)
                              ./Application/User/Core/main.o (__aeabi_fcmplt)
/app/stm32cubeide/plugins/com.st.stm32cube.ide.mcu.externaltools.gnu-tools-for-stm32.10.3-2021.10.linux64_1.0.200.202301161003/tools/bin/../lib/gcc/arm-none-eabi/10.3.1/thumb/v6-m/nofp/libgcc.a(_fixunsdfsi.o)
                              ./Application/User/Core/main.o (__aeabi_d2uiz)
/app/stm32cubeide/plugins/com.st.stm32cube.ide.mcu.externaltools.gnu-tools-for-stm32.10.3-2021.10.linux64_1.0.200.202301161003/tools/bin/../lib/gcc/arm-none-eabi/10.3.1/thumb/v6-m/nofp/libgcc.a(addsf3.o)
                              ./Application/User/Core/main.o (__aeabi_fadd)
/app/stm32cubeide/plugins/com.st.stm32cube.ide.mcu.externaltools.gnu-tools-for-stm32.10.3-2021.10.linux64_1.0.200.202301161003/tools/bin/../lib/gcc/arm-none-eabi/10.3.1/thumb/v6-m/nofp/libgcc.a(divsf3.o)
                              ./Application/User/Core/main.o (__aeabi_fdiv)
[...]
Memory Configuration

Name             Origin             Length             Attributes
RAM              0x0000000020000000 0x0000000000001800 xrw
FLASH            0x0000000008000000 0x0000000000008000 xr
*default*        0x0000000000000000 0xffffffffffffffff

Linker script and memory map

LOAD /app/stm32cubeide/plugins/com.st.stm32cube.ide.mcu.externaltools.gnu-tools-for-stm32.10.3-2021.10.linux64_1.0.200.202301161003/tools/bin/../lib/gcc/arm-none-eabi/10.3.1/thumb/v6-m/nofp/crti.o
LOAD /app/stm32cubeide/plugins/com.st.stm32cube.ide.mcu.externaltools.gnu-tools-for-stm32.10.3-2021.10.linux64_1.0.200.202301161003/tools/bin/../lib/gcc/arm-none-eabi/10.3.1/thumb/v6-m/nofp/crtbegin.o
LOAD /app/stm32cubeide/plugins/com.st.stm32cube.ide.mcu.externaltools.gnu-tools-for-stm32.10.3-2021.10.linux64_1.0.200.202301161003/tools/bin/../lib/gcc/arm-none-eabi/10.3.1/../../../../arm-none-eabi/lib/thumb/v6-m/nofp/crt0.o
LOAD ./Application/User/Core/INA229/ina229.o
LOAD ./Application/User/Core/ST7920/ST7920.o
LOAD ./Application/User/Core/ads1115/ads1115.o
LOAD ./Application/User/Core/ikb/ikb.o
LOAD ./Application/User/Core/indicator/indicator.o
LOAD ./Application/User/Core/main.o
LOAD ./Application/User/Core/stm32f0xx_hal_msp.o
LOAD ./Application/User/Core/stm32f0xx_it.o
LOAD ./Application/User/Core/syscalls.o
LOAD ./Application/User/Core/sysmem.o
LOAD ./Application/User/Startup/startup_stm32f042c6tx.o
LOAD ./Drivers/CMSIS/system_stm32f0xx.o
LOAD ./Drivers/STM32F0xx_HAL_Driver/stm32f0xx_hal.o
LOAD ./Drivers/STM32F0xx_HAL_Driver/stm32f0xx_hal_cortex.o
LOAD ./Drivers/STM32F0xx_HAL_Driver/stm32f0xx_hal_dma.o
LOAD ./Drivers/STM32F0xx_HAL_Driver/stm32f0xx_hal_exti.o
LOAD ./Drivers/STM32F0xx_HAL_Driver/stm32f0xx_hal_flash.o
LOAD ./Drivers/STM32F0xx_HAL_Driver/stm32f0xx_hal_flash_ex.o
LOAD ./Drivers/STM32F0xx_HAL_Driver/stm32f0xx_hal_gpio.o
LOAD ./Drivers/STM32F0xx_HAL_Driver/stm32f0xx_hal_i2c.o
LOAD ./Drivers/STM32F0xx_HAL_Driver/stm32f0xx_hal_i2c_ex.o
LOAD ./Drivers/STM32F0xx_HAL_Driver/stm32f0xx_hal_pcd.o
LOAD ./Drivers/STM32F0xx_HAL_Driver/stm32f0xx_hal_pcd_ex.o
LOAD ./Drivers/STM32F0xx_HAL_Driver/stm32f0xx_hal_pwr.o
LOAD ./Drivers/STM32F0xx_HAL_Driver/stm32f0xx_hal_pwr_ex.o
LOAD ./Drivers/STM32F0xx_HAL_Driver/stm32f0xx_hal_rcc.o
LOAD ./Drivers/STM32F0xx_HAL_Driver/stm32f0xx_hal_rcc_ex.o
LOAD ./Drivers/STM32F0xx_HAL_Driver/stm32f0xx_hal_spi.o
LOAD ./Drivers/STM32F0xx_HAL_Driver/stm32f0xx_hal_spi_ex.o
LOAD ./Drivers/STM32F0xx_HAL_Driver/stm32f0xx_hal_tim.o
LOAD ./Drivers/STM32F0xx_HAL_Driver/stm32f0xx_hal_tim_ex.o
LOAD ./Drivers/STM32F0xx_HAL_Driver/stm32f0xx_hal_uart.o
LOAD ./Drivers/STM32F0xx_HAL_Driver/stm32f0xx_hal_uart_ex.o
LOAD ./Drivers/STM32F0xx_HAL_Driver/stm32f0xx_ll_usb.o
START GROUP
LOAD /app/stm32cubeide/plugins/com.st.stm32cube.ide.mcu.externaltools.gnu-tools-for-stm32.10.3-2021.10.linux64_1.0.200.202301161003/tools/bin/../lib/gcc/arm-none-eabi/10.3.1/../../../../arm-none-eabi/lib/thumb/v6-m/nofp/libc_nano.a
LOAD /app/stm32cubeide/plugins/com.st.stm32cube.ide.mcu.externaltools.gnu-tools-for-stm32.10.3-2021.10.linux64_1.0.200.202301161003/tools/bin/../lib/gcc/arm-none-eabi/10.3.1/../../../../arm-none-eabi/lib/thumb/v6-m/nofp/libm.a
END GROUP
START GROUP
LOAD /app/stm32cubeide/plugins/com.st.stm32cube.ide.mcu.externaltools.gnu-tools-for-stm32.10.3-2021.10.linux64_1.0.200.202301161003/tools/bin/../lib/gcc/arm-none-eabi/10.3.1/thumb/v6-m/nofp/libgcc.a
LOAD /app/stm32cubeide/plugins/com.st.stm32cube.ide.mcu.externaltools.gnu-tools-for-stm32.10.3-2021.10.linux64_1.0.200.202301161003/tools/bin/../lib/gcc/arm-none-eabi/10.3.1/../../../../arm-none-eabi/lib/thumb/v6-m/nofp/libc_nano.a
END GROUP
START GROUP
LOAD /app/stm32cubeide/plugins/com.st.stm32cube.ide.mcu.externaltools.gnu-tools-for-stm32.10.3-2021.10.linux64_1.0.200.202301161003/tools/bin/../lib/gcc/arm-none-eabi/10.3.1/thumb/v6-m/nofp/libgcc.a
LOAD /app/stm32cubeide/plugins/com.st.stm32cube.ide.mcu.externaltools.gnu-tools-for-stm32.10.3-2021.10.linux64_1.0.200.202301161003/tools/bin/../lib/gcc/arm-none-eabi/10.3.1/../../../../arm-none-eabi/lib/thumb/v6-m/nofp/libc_nano.a
LOAD /app/stm32cubeide/plugins/com.st.stm32cube.ide.mcu.externaltools.gnu-tools-for-stm32.10.3-2021.10.linux64_1.0.200.202301161003/tools/bin/../lib/gcc/arm-none-eabi/10.3.1/../../../../arm-none-eabi/lib/thumb/v6-m/nofp/libnosys.a
END GROUP
START GROUP
LOAD /app/stm32cubeide/plugins/com.st.stm32cube.ide.mcu.externaltools.gnu-tools-for-stm32.10.3-2021.10.linux64_1.0.200.202301161003/tools/bin/../lib/gcc/arm-none-eabi/10.3.1/thumb/v6-m/nofp/libgcc.a
LOAD /app/stm32cubeide/plugins/com.st.stm32cube.ide.mcu.externaltools.gnu-tools-for-stm32.10.3-2021.10.linux64_1.0.200.202301161003/tools/bin/../lib/gcc/arm-none-eabi/10.3.1/../../../../arm-none-eabi/lib/thumb/v6-m/nofp/libc_nano.a
LOAD /app/stm32cubeide/plugins/com.st.stm32cube.ide.mcu.externaltools.gnu-tools-for-stm32.10.3-2021.10.linux64_1.0.200.202301161003/tools/bin/../lib/gcc/arm-none-eabi/10.3.1/../../../../arm-none-eabi/lib/thumb/v6-m/nofp/libnosys.a
END GROUP
LOAD /app/stm32cubeide/plugins/com.st.stm32cube.ide.mcu.externaltools.gnu-tools-for-stm32.10.3-2021.10.linux64_1.0.200.202301161003/tools/bin/../lib/gcc/arm-none-eabi/10.3.1/thumb/v6-m/nofp/crtend.o
LOAD /app/stm32cubeide/plugins/com.st.stm32cube.ide.mcu.externaltools.gnu-tools-for-stm32.10.3-2021.10.linux64_1.0.200.202301161003/tools/bin/../lib/gcc/arm-none-eabi/10.3.1/thumb/v6-m/nofp/crtn.o
                0x0000000020001800                _estack = (ORIGIN (RAM) + LENGTH (RAM))
                0x0000000000000200                _Min_Heap_Size = 0x200
                0x0000000000000400                _Min_Stack_Size = 0x400

.isr_vector     0x0000000008000000       0xc0
                0x0000000008000000                . = ALIGN (0x4)
 *(.isr_vector)
 .isr_vector    0x0000000008000000       0xc0 ./Application/User/Startup/startup_stm32f042c6tx.o
                0x0000000008000000                g_pfnVectors
                0x00000000080000c0                . = ALIGN (0x4)

.text           0x00000000080000c0     0x6484
                0x00000000080000c0                . = ALIGN (0x4)
 *(.text)
 .text          0x00000000080000c0       0x48 /app/stm32cubeide/plugins/com.st.stm32cube.ide.mcu.externaltools.gnu-tools-for-stm32.10.3-2021.10.linux64_1.0.200.202301161003/tools/bin/../lib/gcc/arm-none-eabi/10.3.1/thumb/v6-m/nofp/crtbegin.o
 .text          0x0000000008000108      0x114 /app/stm32cubeide/plugins/com.st.stm32cube.ide.mcu.externaltools.gnu-tools-for-stm32.10.3-2021.10.linux64_1.0.200.202301161003/tools/bin/../lib/gcc/arm-none-eabi/10.3.1/thumb/v6-m/nofp/libgcc.a(_udivsi3.o)
                0x0000000008000108                __udivsi3
                0x0000000008000108                __aeabi_uidiv
                0x0000000008000214                __aeabi_uidivmod
 .text          0x000000000800021c      0x1d4 /app/stm32cubeide/plugins/com.st.stm32cube.ide.mcu.externaltools.gnu-tools-for-stm32.10.3-2021.10.linux64_1.0.200.202301161003/tools/bin/../lib/gcc/arm-none-eabi/10.3.1/thumb/v6-m/nofp/libgcc.a(_divsi3.o)
                0x000000000800021c                __aeabi_idiv
                0x000000000800021c                __divsi3
                0x00000000080003e8                __aeabi_idivmod
 .text          0x00000000080003f0        0x4 /app/stm32cubeide/plugins/com.st.stm32cube.ide.mcu.externaltools.gnu-tools-for-stm32.10.3-2021.10.linux64_1.0.200.202301161003/tools/bin/../lib/gcc/arm-none-eabi/10.3.1/thumb/v6-m/nofp/libgcc.a(_dvmd_tls.o)
                0x00000000080003f0                __aeabi_ldiv0
                0x00000000080003f0                __aeabi_idiv0
 .text          0x00000000080003f4       0x7c /app/stm32cubeide/plugins/com.st.stm32cube.ide.mcu.externaltools.gnu-tools-for-stm32.10.3-2021.10.linux64_1.0.200.202301161003/tools/bin/../lib/gcc/arm-none-eabi/10.3.1/thumb/v6-m/nofp/libgcc.a(_arm_cmpdf2.o)
                0x00000000080003f4                __aeabi_cdrcmple
                0x0000000008000404                __aeabi_cdcmple
                0x0000000008000404                __aeabi_cdcmpeq
                0x0000000008000414                __aeabi_dcmpeq
                0x0000000008000420                __aeabi_dcmplt
                0x0000000008000434                __aeabi_dcmple
                0x0000000008000448                __aeabi_dcmpgt
                0x000000000800045c                __aeabi_dcmpge
 .text          0x0000000008000470       0x3c /app/stm32cubeide/plugins/com.st.stm32cube.ide.mcu.externaltools.gnu-tools-for-stm32.10.3-2021.10.linux64_1.0.200.202301161003/tools/bin/../lib/gcc/arm-none-eabi/10.3.1/thumb/v6-m/nofp/libgcc.a(_fixunsdfsi.o)
                0x0000000008000470                __fixunsdfsi
                0x0000000008000470                __aeabi_d2uiz
 .text          0x00000000080004ac      0x230 /app/stm32cubeide/plugins/com.st.stm32cube.ide.mcu.externaltools.gnu-tools-for-stm32.10.3-2021.10.linux64_1.0.200.202301161003/tools/bin/../lib/gcc/arm-none-eabi/10.3.1/thumb/v6-m/nofp/libgcc.a(divsf3.o)
                0x00000000080004ac                __aeabi_fdiv
 .text          0x00000000080006dc      0x24c /app/stm32cubeide/plugins/com.st.stm32cube.ide.mcu.externaltools.gnu-tools-for-stm32.10.3-2021.10.linux64_1.0.200.202301161003/tools/bin/../lib/gcc/arm-none-eabi/10.3.1/thumb/v6-m/nofp/libgcc.a(mulsf3.o)
                0x00000000080006dc                __aeabi_fmul
 .text          0x0000000008000928       0x9c /app/stm32cubeide/plugins/com.st.stm32cube.ide.mcu.externaltools.gnu-tools-for-stm32.10.3-2021.10.linux64_1.0.200.202301161003/tools/bin/../lib/gcc/arm-none-eabi/10.3.1/thumb/v6-m/nofp/libgcc.a(floatsisf.o)
                0x0000000008000928                __aeabi_i2f
 .text          0x00000000080009c4      0x678 /app/stm32cubeide/plugins/com.st.stm32cube.ide.mcu.externaltools.gnu-tools-for-stm32.10.3-2021.10.linux64_1.0.200.202301161003/tools/bin/../lib/gcc/arm-none-eabi/10.3.1/thumb/v6-m/nofp/libgcc.a(adddf3.o)
                0x00000000080009c4                __aeabi_dadd
 .text          0x000000000800103c       0x84 /app/stm32cubeide/plugins/com.st.stm32cube.ide.mcu.externaltools.gnu-tools-for-stm32.10.3-2021.10.linux64_1.0.200.202301161003/tools/bin/../lib/gcc/arm-none-eabi/10.3.1/thumb/v6-m/nofp/libgcc.a(eqdf2.o)
                0x000000000800103c                __eqdf2
                0x000000000800103c                __nedf2
 .text          0x00000000080010c0       0xcc /app/stm32cubeide/plugins/com.st.stm32cube.ide.mcu.externaltools.gnu-tools-for-stm32.10.3-2021.10.linux64_1.0.200.202301161003/tools/bin/../lib/gcc/arm-none-eabi/10.3.1/thumb/v6-m/nofp/libgcc.a(gedf2.o)
                0x00000000080010c0                __gtdf2
                0x00000000080010c0                __gedf2
 .text          0x000000000800118c       0xc8 /app/stm32cubeide/plugins/com.st.stm32cube.ide.mcu.externaltools.gnu-tools-for-stm32.10.3-2021.10.linux64_1.0.200.202301161003/tools/bin/../lib/gcc/arm-none-eabi/10.3.1/thumb/v6-m/nofp/libgcc.a(ledf2.o)
                0x000000000800118c                __ltdf2
                0x000000000800118c                __ledf2
 .text          0x0000000008001254      0x4d8 /app/stm32cubeide/plugins/com.st.stm32cube.ide.mcu.externaltools.gnu-tools-for-stm32.10.3-2021.10.linux64_1.0.200.202301161003/tools/bin/../lib/gcc/arm-none-eabi/10.3.1/thumb/v6-m/nofp/libgcc.a(muldf3.o)
                0x0000000008001254                __aeabi_dmul
 .text          0x000000000800172c      0x724 /app/stm32cubeide/plugins/com.st.stm32cube.ide.mcu.externaltools.gnu-tools-for-stm32.10.3-2021.10.linux64_1.0.200.202301161003/tools/bin/../lib/gcc/arm-none-eabi/10.3.1/thumb/v6-m/nofp/libgcc.a(subdf3.o)
                0x000000000800172c                __aeabi_dsub
 .text          0x0000000008001e50       0x6c /app/stm32cubeide/plugins/com.st.stm32cube.ide.mcu.externaltools.gnu-tools-for-stm32.10.3-2021.10.linux64_1.0.200.202301161003/tools/bin/../lib/gcc/arm-none-eabi/10.3.1/thumb/v6-m/nofp/libgcc.a(fixdfsi.o)
                0x0000000008001e50                __aeabi_d2iz
 .text          0x0000000008001ebc       0x60 /app/stm32cubeide/plugins/com.st.stm32cube.ide.mcu.externaltools.gnu-tools-for-stm32.10.3-2021.10.linux64_1.0.200.202301161003/tools/bin/../lib/gcc/arm-none-eabi/10.3.1/thumb/v6-m/nofp/libgcc.a(floatsidf.o)
                0x0000000008001ebc                __aeabi_i2d
 .text          0x0000000008001f1c       0x90 /app/stm32cubeide/plugins/com.st.stm32cube.ide.mcu.externaltools.gnu-tools-for-stm32.10.3-2021.10.linux64_1.0.200.202301161003/tools/bin/../lib/gcc/arm-none-eabi/10.3.1/thumb/v6-m/nofp/libgcc.a(extendsfdf2.o)
                0x0000000008001f1c                __aeabi_f2d
 .text          0x0000000008001fac       0x3c /app/stm32cubeide/plugins/com.st.stm32cube.ide.mcu.externaltools.gnu-tools-for-stm32.10.3-2021.10.linux64_1.0.200.202301161003/tools/bin/../lib/gcc/arm-none-eabi/10.3.1/thumb/v6-m/nofp/libgcc.a(_clzsi2.o)
                0x0000000008001fac                __clzsi2
 *(.text*)
 .text.delay_us
                0x0000000008001fe8       0x5e ./Application/User/Core/INA229/ina229.o
                0x0000000008001fe8                delay_us
 *fill*         0x0000000008002046        0x2 
 .text.ina229_init
                0x0000000008002048      0x154 ./Application/User/Core/INA229/ina229.o
                0x0000000008002048                ina229_init
 .text.INA229_read_current_register
                0x000000000800219c       0xb4 ./Application/User/Core/INA229/ina229.o
                0x000000000800219c                INA229_read_current_register
 .text.delay    0x0000000008002250       0x18 ./Application/User/Core/ST7920/ST7920.o
                0x0000000008002250                delay
 .text.delayUs  0x0000000008002268       0x16 ./Application/User/Core/ST7920/ST7920.o
                0x0000000008002268                delayUs
 *fill*         0x000000000800227e        0x2 
 .text.SendByteSPI
                0x0000000008002280       0x28 ./Application/User/Core/ST7920/ST7920.o
                0x0000000008002280                SendByteSPI
 .text.ST7920_SendCmd
                0x00000000080022a8       0x58 ./Application/User/Core/ST7920/ST7920.o
                0x00000000080022a8                ST7920_SendCmd
 .text.ST7920_SendData
                0x0000000008002300       0x54 ./Application/User/Core/ST7920/ST7920.o
                0x0000000008002300                ST7920_SendData
 .text.ST7920_Init
                0x0000000008002354       0x7c ./Application/User/Core/ST7920/ST7920.o
                0x0000000008002354                ST7920_Init
 .text.ST7920_SendString
                0x00000000080023d0       0x90 ./Application/User/Core/ST7920/ST7920.o
                0x00000000080023d0                ST7920_SendString
 .text.ADS1115_write_data16bits
                0x0000000008002460       0x64 ./Application/User/Core/ads1115/ads1115.o
                0x0000000008002460                ADS1115_write_data16bits
 .text.ADS1115_init
                0x00000000080024c4       0x24 ./Application/User/Core/ads1115/ads1115.o
                0x00000000080024c4                ADS1115_init
 .text.ADS1115_setOS
                0x00000000080024e8       0x44 ./Application/User/Core/ads1115/ads1115.o
                0x00000000080024e8                ADS1115_setOS
 .text.ADS1115_setMuxChannel
                0x000000000800252c       0x48 ./Application/User/Core/ads1115/ads1115.o
                0x000000000800252c                ADS1115_setMuxChannel
 .text.ADS1115_setOperatingMode
                0x0000000008002574       0x48 ./Application/User/Core/ads1115/ads1115.o
                0x0000000008002574                ADS1115_setOperatingMode
 .text.ftoa     0x00000000080025bc      0x23c ./Application/User/Core/main.o
                0x00000000080025bc                ftoa
 .text.main     0x00000000080027f8      0x1f4 ./Application/User/Core/main.o
                0x00000000080027f8                main
 .text.SystemClock_Config
                0x00000000080029ec       0xc4 ./Application/User/Core/main.o
                0x00000000080029ec                SystemClock_Config
 .text.MX_I2C1_Init
                0x0000000008002ab0       0x80 ./Application/User/Core/main.o
 .text.MX_SPI1_Init
                0x0000000008002b30       0x7c ./Application/User/Core/main.o
 .text.MX_SPI2_Init
                0x0000000008002bac       0x7c ./Application/User/Core/main.o
 .text.MX_USART1_UART_Init
                0x0000000008002c28       0x60 ./Application/User/Core/main.o
 .text.MX_USB_PCD_Init
                0x0000000008002c88       0x4c ./Application/User/Core/main.o
 .text.MX_GPIO_Init
                0x0000000008002cd4      0x1a4 ./Application/User/Core/main.o
 .text.Error_Handler
                0x0000000008002e78        0xa ./Application/User/Core/main.o
                0x0000000008002e78                Error_Handler
 *fill*         0x0000000008002e82        0x2 
 .text.HAL_MspInit
                0x0000000008002e84       0x48 ./Application/User/Core/stm32f0xx_hal_msp.o
                0x0000000008002e84                HAL_MspInit
 .text.HAL_I2C_MspInit
                0x0000000008002ecc       0x9c ./Application/User/Core/stm32f0xx_hal_msp.o
                0x0000000008002ecc                HAL_I2C_MspInit
 .text.HAL_SPI_MspInit
                0x0000000008002f68      0x144 ./Application/User/Core/stm32f0xx_hal_msp.o
                0x0000000008002f68                HAL_SPI_MspInit
 .text.HAL_UART_MspInit
                0x00000000080030ac       0x9c ./Application/User/Core/stm32f0xx_hal_msp.o
                0x00000000080030ac                HAL_UART_MspInit
 .text.HAL_PCD_MspInit
                0x0000000008003148       0x40 ./Application/User/Core/stm32f0xx_hal_msp.o
                0x0000000008003148                HAL_PCD_MspInit
 .text.NMI_Handler
                0x0000000008003188        0x6 ./Application/User/Core/stm32f0xx_it.o
                0x0000000008003188                NMI_Handler
 .text.HardFault_Handler
                0x000000000800318e        0x6 ./Application/User/Core/stm32f0xx_it.o
                0x000000000800318e                HardFault_Handler
 .text.SVC_Handler
                0x0000000008003194        0xa ./Application/User/Core/stm32f0xx_it.o
                0x0000000008003194                SVC_Handler
 .text.PendSV_Handler
                0x000000000800319e        0xa ./Application/User/Core/stm32f0xx_it.o
                0x000000000800319e                PendSV_Handler
 .text.SysTick_Handler
                0x00000000080031a8        0xe ./Application/User/Core/stm32f0xx_it.o
                0x00000000080031a8                SysTick_Handler
 *fill*         0x00000000080031b6        0x2 
 .text.Reset_Handler
                0x00000000080031b8       0x80 ./Application/User/Startup/startup_stm32f042c6tx.o
                0x00000000080031b8                Reset_Handler
 .text.Default_Handler
                0x0000000008003238        0x2 ./Application/User/Startup/startup_stm32f042c6tx.o
                0x0000000008003238                TIM1_CC_IRQHandler
                0x0000000008003238                TSC_IRQHandler
                0x0000000008003238                I2C1_IRQHandler
                0x0000000008003238                RCC_CRS_IRQHandler
                0x0000000008003238                SPI1_IRQHandler
                0x0000000008003238                EXTI2_3_IRQHandler
                0x0000000008003238                ADC1_IRQHandler
                0x0000000008003238                TIM17_IRQHandler
                0x0000000008003238                CEC_CAN_IRQHandler
                0x0000000008003238                RTC_IRQHandler
                0x0000000008003238                PVD_VDDIO2_IRQHandler
                0x0000000008003238                TIM16_IRQHandler
                0x0000000008003238                TIM3_IRQHandler
                0x0000000008003238                EXTI4_15_IRQHandler
                0x0000000008003238                DMA1_Channel1_IRQHandler
                0x0000000008003238                Default_Handler
                0x0000000008003238                TIM14_IRQHandler
                0x0000000008003238                DMA1_Channel4_5_IRQHandler
                0x0000000008003238                EXTI0_1_IRQHandler
                0x0000000008003238                USB_IRQHandler
                0x0000000008003238                SPI2_IRQHandler
                0x0000000008003238                WWDG_IRQHandler
                0x0000000008003238                TIM2_IRQHandler
                0x0000000008003238                DMA1_Channel2_3_IRQHandler
                0x0000000008003238                USART2_IRQHandler
                0x0000000008003238                FLASH_IRQHandler
                0x0000000008003238                USART1_IRQHandler
                0x0000000008003238                TIM1_BRK_UP_TRG_COM_IRQHandler
 .text.SystemInit
                0x000000000800323a        0xa ./Drivers/CMSIS/system_stm32f0xx.o
                0x000000000800323a                SystemInit
 .text.HAL_Init
                0x0000000008003244       0x28 ./Drivers/STM32F0xx_HAL_Driver/stm32f0xx_hal.o
                0x0000000008003244                HAL_Init
 .text.HAL_InitTick
                0x000000000800326c       0x68 ./Drivers/STM32F0xx_HAL_Driver/stm32f0xx_hal.o
                0x000000000800326c                HAL_InitTick
 .text.HAL_IncTick
                0x00000000080032d4       0x24 ./Drivers/STM32F0xx_HAL_Driver/stm32f0xx_hal.o
                0x00000000080032d4                HAL_IncTick
 .text.HAL_GetTick
                0x00000000080032f8       0x14 ./Drivers/STM32F0xx_HAL_Driver/stm32f0xx_hal.o
                0x00000000080032f8                HAL_GetTick
 .text.HAL_Delay
                0x000000000800330c       0x48 ./Drivers/STM32F0xx_HAL_Driver/stm32f0xx_hal.o
                0x000000000800330c                HAL_Delay
 .text.__NVIC_SetPriority
                0x0000000008003354       0xdc ./Drivers/STM32F0xx_HAL_Driver/stm32f0xx_hal_cortex.o
 .text.SysTick_Config
                0x0000000008003430       0x48 ./Drivers/STM32F0xx_HAL_Driver/stm32f0xx_hal_cortex.o
 .text.HAL_NVIC_SetPriority
                0x0000000008003478       0x2a ./Drivers/STM32F0xx_HAL_Driver/stm32f0xx_hal_cortex.o
                0x0000000008003478                HAL_NVIC_SetPriority
 .text.HAL_SYSTICK_Config
                0x00000000080034a2       0x1a ./Drivers/STM32F0xx_HAL_Driver/stm32f0xx_hal_cortex.o
                0x00000000080034a2                HAL_SYSTICK_Config
 .text.HAL_GPIO_Init
                0x00000000080034bc      0x2d0 ./Drivers/STM32F0xx_HAL_Driver/stm32f0xx_hal_gpio.o
                0x00000000080034bc                HAL_GPIO_Init
 .text.HAL_GPIO_WritePin
                0x000000000800378c       0x3a ./Drivers/STM32F0xx_HAL_Driver/stm32f0xx_hal_gpio.o
                0x000000000800378c                HAL_GPIO_WritePin
 *fill*         0x00000000080037c6        0x2 
 .text.HAL_I2C_Init
                0x00000000080037c8      0x12c ./Drivers/STM32F0xx_HAL_Driver/stm32f0xx_hal_i2c.o
                0x00000000080037c8                HAL_I2C_Init
 .text.HAL_I2C_Master_Transmit
                0x00000000080038f4      0x210 ./Drivers/STM32F0xx_HAL_Driver/stm32f0xx_hal_i2c.o
                0x00000000080038f4                HAL_I2C_Master_Transmit
 .text.HAL_I2C_Mem_Read
                0x0000000008003b04      0x268 ./Drivers/STM32F0xx_HAL_Driver/stm32f0xx_hal_i2c.o
                0x0000000008003b04                HAL_I2C_Mem_Read
 .text.I2C_RequestMemoryRead
                0x0000000008003d6c       0xc4 ./Drivers/STM32F0xx_HAL_Driver/stm32f0xx_hal_i2c.o
 .text.I2C_Flush_TXDR
                0x0000000008003e30       0x44 ./Drivers/STM32F0xx_HAL_Driver/stm32f0xx_hal_i2c.o
 .text.I2C_WaitOnFlagUntilTimeout
                0x0000000008003e74       0x9c ./Drivers/STM32F0xx_HAL_Driver/stm32f0xx_hal_i2c.o
 .text.I2C_WaitOnTXISFlagUntilTimeout
                0x0000000008003f10       0x8c ./Drivers/STM32F0xx_HAL_Driver/stm32f0xx_hal_i2c.o
 .text.I2C_WaitOnSTOPFlagUntilTimeout
                0x0000000008003f9c       0x86 ./Drivers/STM32F0xx_HAL_Driver/stm32f0xx_hal_i2c.o
 *fill*         0x0000000008004022        0x2 
 .text.I2C_IsErrorOccurred
                0x0000000008004024      0x200 ./Drivers/STM32F0xx_HAL_Driver/stm32f0xx_hal_i2c.o
 .text.I2C_TransferConfig
                0x0000000008004224       0x74 ./Drivers/STM32F0xx_HAL_Driver/stm32f0xx_hal_i2c.o
 .text.HAL_I2CEx_ConfigAnalogFilter
                0x0000000008004298       0x98 ./Drivers/STM32F0xx_HAL_Driver/stm32f0xx_hal_i2c_ex.o
                0x0000000008004298                HAL_I2CEx_ConfigAnalogFilter
 .text.HAL_I2CEx_ConfigDigitalFilter
                0x0000000008004330       0x98 ./Drivers/STM32F0xx_HAL_Driver/stm32f0xx_hal_i2c_ex.o
                0x0000000008004330                HAL_I2CEx_ConfigDigitalFilter
 .text.HAL_PCD_Init
                0x00000000080043c8      0x200 ./Drivers/STM32F0xx_HAL_Driver/stm32f0xx_hal_pcd.o
                0x00000000080043c8                HAL_PCD_Init
 .text.HAL_PCDEx_ActivateLPM
                0x00000000080045c8       0x54 ./Drivers/STM32F0xx_HAL_Driver/stm32f0xx_hal_pcd_ex.o
                0x00000000080045c8                HAL_PCDEx_ActivateLPM
 .text.HAL_RCC_OscConfig
                0x000000000800461c      0x70c ./Drivers/STM32F0xx_HAL_Driver/stm32f0xx_hal_rcc.o
                0x000000000800461c                HAL_RCC_OscConfig
 .text.HAL_RCC_ClockConfig
                0x0000000008004d28      0x1b4 ./Drivers/STM32F0xx_HAL_Driver/stm32f0xx_hal_rcc.o
                0x0000000008004d28                HAL_RCC_ClockConfig
 .text.HAL_RCC_GetSysClockFreq
                0x0000000008004edc       0xe4 ./Drivers/STM32F0xx_HAL_Driver/stm32f0xx_hal_rcc.o
                0x0000000008004edc                HAL_RCC_GetSysClockFreq
 .text.HAL_RCC_GetHCLKFreq
                0x0000000008004fc0       0x14 ./Drivers/STM32F0xx_HAL_Driver/stm32f0xx_hal_rcc.o
                0x0000000008004fc0                HAL_RCC_GetHCLKFreq
 .text.HAL_RCC_GetPCLK1Freq
                0x0000000008004fd4       0x2c ./Drivers/STM32F0xx_HAL_Driver/stm32f0xx_hal_rcc.o
                0x0000000008004fd4                HAL_RCC_GetPCLK1Freq
 .text.HAL_RCCEx_PeriphCLKConfig
                0x0000000008005000      0x1dc ./Drivers/STM32F0xx_HAL_Driver/stm32f0xx_hal_rcc_ex.o
                0x0000000008005000                HAL_RCCEx_PeriphCLKConfig
 .text.HAL_SPI_Init
                0x00000000080051dc      0x170 ./Drivers/STM32F0xx_HAL_Driver/stm32f0xx_hal_spi.o
                0x00000000080051dc                HAL_SPI_Init
 .text.HAL_SPI_Transmit
                0x000000000800534c      0x2be ./Drivers/STM32F0xx_HAL_Driver/stm32f0xx_hal_spi.o
                0x000000000800534c                HAL_SPI_Transmit
 *fill*         0x000000000800560a        0x2 
 .text.HAL_SPI_TransmitReceive
                0x000000000800560c      0x3c4 ./Drivers/STM32F0xx_HAL_Driver/stm32f0xx_hal_spi.o
                0x000000000800560c                HAL_SPI_TransmitReceive
 .text.HAL_SPI_GetState
                0x00000000080059d0       0x18 ./Drivers/STM32F0xx_HAL_Driver/stm32f0xx_hal_spi.o
                0x00000000080059d0                HAL_SPI_GetState
 .text.SPI_WaitFlagStateUntilTimeout
                0x00000000080059e8      0x11c ./Drivers/STM32F0xx_HAL_Driver/stm32f0xx_hal_spi.o
 .text.SPI_WaitFifoStateUntilTimeout
                0x0000000008005b04      0x144 ./Drivers/STM32F0xx_HAL_Driver/stm32f0xx_hal_spi.o
 .text.SPI_EndRxTxTransaction
                0x0000000008005c48       0x8c ./Drivers/STM32F0xx_HAL_Driver/stm32f0xx_hal_spi.o
 .text.HAL_UART_Init
                0x0000000008005cd4       0xa8 ./Drivers/STM32F0xx_HAL_Driver/stm32f0xx_hal_uart.o
                0x0000000008005cd4                HAL_UART_Init
 .text.UART_SetConfig
                0x0000000008005d7c      0x280 ./Drivers/STM32F0xx_HAL_Driver/stm32f0xx_hal_uart.o
                0x0000000008005d7c                UART_SetConfig
 .text.UART_AdvFeatureConfig
                0x0000000008005ffc      0x168 ./Drivers/STM32F0xx_HAL_Driver/stm32f0xx_hal_uart.o
                0x0000000008005ffc                UART_AdvFeatureConfig
 .text.UART_CheckIdleState
                0x0000000008006164      0x150 ./Drivers/STM32F0xx_HAL_Driver/stm32f0xx_hal_uart.o
                0x0000000008006164                UART_CheckIdleState
 .text.UART_WaitOnFlagUntilTimeout
                0x00000000080062b4       0xd2 ./Drivers/STM32F0xx_HAL_Driver/stm32f0xx_hal_uart.o
                0x00000000080062b4                UART_WaitOnFlagUntilTimeout
 *fill*         0x0000000008006386        0x2 
 .text.UART_EndRxTransfer
                0x0000000008006388       0xc8 ./Drivers/STM32F0xx_HAL_Driver/stm32f0xx_hal_uart.o
 .text.USB_DisableGlobalInt
                0x0000000008006450       0x34 ./Drivers/STM32F0xx_HAL_Driver/stm32f0xx_ll_usb.o
                0x0000000008006450                USB_DisableGlobalInt
 .text.USB_DevInit
                0x0000000008006484       0x4e ./Drivers/STM32F0xx_HAL_Driver/stm32f0xx_ll_usb.o
                0x0000000008006484                USB_DevInit
 *fill*         0x00000000080064d2        0x2 
 .text.__libc_init_array
                0x00000000080064d4       0x48 /app/stm32cubeide/plugins/com.st.stm32cube.ide.mcu.externaltools.gnu-tools-for-stm32.10.3-2021.10.linux64_1.0.200.202301161003/tools/bin/../lib/gcc/arm-none-eabi/10.3.1/../../../../arm-none-eabi/lib/thumb/v6-m/nofp/libc_nano.a(lib_a-init.o)
                0x00000000080064d4                __libc_init_array
 .text.memset   0x000000000800651c       0x10 /app/stm32cubeide/plugins/com.st.stm32cube.ide.mcu.externaltools.gnu-tools-for-stm32.10.3-2021.10.linux64_1.0.200.202301161003/tools/bin/../lib/gcc/arm-none-eabi/10.3.1/../../../../arm-none-eabi/lib/thumb/v6-m/nofp/libc_nano.a(lib_a-memset.o)
                0x000000000800651c                memset
 *(.glue_7)
 .glue_7        0x000000000800652c        0x0 linker stubs
 *(.glue_7t)
 .glue_7t       0x000000000800652c        0x0 linker stubs
 *(.eh_frame)
 .eh_frame      0x000000000800652c        0x0 /app/stm32cubeide/plugins/com.st.stm32cube.ide.mcu.externaltools.gnu-tools-for-stm32.10.3-2021.10.linux64_1.0.200.202301161003/tools/bin/../lib/gcc/arm-none-eabi/10.3.1/thumb/v6-m/nofp/crtbegin.o
 *(.init)
 .init          0x000000000800652c        0x4 /app/stm32cubeide/plugins/com.st.stm32cube.ide.mcu.externaltools.gnu-tools-for-stm32.10.3-2021.10.linux64_1.0.200.202301161003/tools/bin/../lib/gcc/arm-none-eabi/10.3.1/thumb/v6-m/nofp/crti.o
                0x000000000800652c                _init
 .init          0x0000000008006530        0x8 /app/stm32cubeide/plugins/com.st.stm32cube.ide.mcu.externaltools.gnu-tools-for-stm32.10.3-2021.10.linux64_1.0.200.202301161003/tools/bin/../lib/gcc/arm-none-eabi/10.3.1/thumb/v6-m/nofp/crtn.o
 *(.fini)
 .fini          0x0000000008006538        0x4 /app/stm32cubeide/plugins/com.st.stm32cube.ide.mcu.externaltools.gnu-tools-for-stm32.10.3-2021.10.linux64_1.0.200.202301161003/tools/bin/../lib/gcc/arm-none-eabi/10.3.1/thumb/v6-m/nofp/crti.o
                0x0000000008006538                _fini
 .fini          0x000000000800653c        0x8 /app/stm32cubeide/plugins/com.st.stm32cube.ide.mcu.externaltools.gnu-tools-for-stm32.10.3-2021.10.linux64_1.0.200.202301161003/tools/bin/../lib/gcc/arm-none-eabi/10.3.1/thumb/v6-m/nofp/crtn.o
                0x0000000008006544                . = ALIGN (0x4)
                0x0000000008006544                _etext = .

.vfp11_veneer   0x0000000008006544        0x0
 .vfp11_veneer  0x0000000008006544        0x0 linker stubs

.v4_bx          0x0000000008006544        0x0
 .v4_bx         0x0000000008006544        0x0 linker stubs

.iplt           0x0000000008006544        0x0
 .iplt          0x0000000008006544        0x0 /app/stm32cubeide/plugins/com.st.stm32cube.ide.mcu.externaltools.gnu-tools-for-stm32.10.3-2021.10.linux64_1.0.200.202301161003/tools/bin/../lib/gcc/arm-none-eabi/10.3.1/thumb/v6-m/nofp/crtbegin.o

.rodata         0x0000000008006548      0x1b8
                0x0000000008006548                . = ALIGN (0x4)
 *(.rodata)
 .rodata        0x0000000008006548       0x27 ./Application/User/Core/main.o
 *fill*         0x000000000800656f        0x1 
 .rodata        0x0000000008006570       0x80 /app/stm32cubeide/plugins/com.st.stm32cube.ide.mcu.externaltools.gnu-tools-for-stm32.10.3-2021.10.linux64_1.0.200.202301161003/tools/bin/../lib/gcc/arm-none-eabi/10.3.1/thumb/v6-m/nofp/libgcc.a(divsf3.o)
 .rodata        0x00000000080065f0       0x40 /app/stm32cubeide/plugins/com.st.stm32cube.ide.mcu.externaltools.gnu-tools-for-stm32.10.3-2021.10.linux64_1.0.200.202301161003/tools/bin/../lib/gcc/arm-none-eabi/10.3.1/thumb/v6-m/nofp/libgcc.a(mulsf3.o)
 .rodata        0x0000000008006630       0x40 /app/stm32cubeide/plugins/com.st.stm32cube.ide.mcu.externaltools.gnu-tools-for-stm32.10.3-2021.10.linux64_1.0.200.202301161003/tools/bin/../lib/gcc/arm-none-eabi/10.3.1/thumb/v6-m/nofp/libgcc.a(muldf3.o)
 *(.rodata*)
 .rodata.rounders
                0x0000000008006670       0x58 ./Application/User/Core/main.o
 .rodata.AHBPrescTable
                0x00000000080066c8       0x10 ./Drivers/CMSIS/system_stm32f0xx.o
                0x00000000080066c8                AHBPrescTable
 .rodata.APBPrescTable
                0x00000000080066d8        0x8 ./Drivers/CMSIS/system_stm32f0xx.o
                0x00000000080066d8                APBPrescTable
 .rodata.aPLLMULFactorTable.1
                0x00000000080066e0       0x10 ./Drivers/STM32F0xx_HAL_Driver/stm32f0xx_hal_rcc.o
 .rodata.aPredivFactorTable.0
                0x00000000080066f0       0x10 ./Drivers/STM32F0xx_HAL_Driver/stm32f0xx_hal_rcc.o
                0x0000000008006700                . = ALIGN (0x4)

.rel.dyn        0x0000000008006700        0x0
 .rel.iplt      0x0000000008006700        0x0 /app/stm32cubeide/plugins/com.st.stm32cube.ide.mcu.externaltools.gnu-tools-for-stm32.10.3-2021.10.linux64_1.0.200.202301161003/tools/bin/../lib/gcc/arm-none-eabi/10.3.1/thumb/v6-m/nofp/crtbegin.o

.ARM.extab      0x0000000008006700        0x0
                0x0000000008006700                . = ALIGN (0x4)
 *(.ARM.extab* .gnu.linkonce.armextab.*)
                0x0000000008006700                . = ALIGN (0x4)

.ARM            0x0000000008006700        0x0
                0x0000000008006700                . = ALIGN (0x4)
                0x0000000008006700                __exidx_start = .
 *(.ARM.exidx*)
                0x0000000008006700                __exidx_end = .
                0x0000000008006700                . = ALIGN (0x4)

.preinit_array  0x0000000008006700        0x0
                0x0000000008006700                . = ALIGN (0x4)
                0x0000000008006700                PROVIDE (__preinit_array_start = .)
 *(.preinit_array*)
                0x0000000008006700                PROVIDE (__preinit_array_end = .)
                0x0000000008006700                . = ALIGN (0x4)

.init_array     0x0000000008006700        0x4
                0x0000000008006700                . = ALIGN (0x4)
                0x0000000008006700                PROVIDE (__init_array_start = .)
 *(SORT_BY_NAME(.init_array.*))
 *(.init_array*)
 .init_array    0x0000000008006700        0x4 /app/stm32cubeide/plugins/com.st.stm32cube.ide.mcu.externaltools.gnu-tools-for-stm32.10.3-2021.10.linux64_1.0.200.202301161003/tools/bin/../lib/gcc/arm-none-eabi/10.3.1/thumb/v6-m/nofp/crtbegin.o
                0x0000000008006704                PROVIDE (__init_array_end = .)
                0x0000000008006704                . = ALIGN (0x4)

.fini_array     0x0000000008006704        0x4
                0x0000000008006704                . = ALIGN (0x4)
                [!provide]                        PROVIDE (__fini_array_start = .)
 *(SORT_BY_NAME(.fini_array.*))
 *(.fini_array*)
 .fini_array    0x0000000008006704        0x4 /app/stm32cubeide/plugins/com.st.stm32cube.ide.mcu.externaltools.gnu-tools-for-stm32.10.3-2021.10.linux64_1.0.200.202301161003/tools/bin/../lib/gcc/arm-none-eabi/10.3.1/thumb/v6-m/nofp/crtbegin.o
                [!provide]                        PROVIDE (__fini_array_end = .)
                0x0000000008006708                . = ALIGN (0x4)
                0x0000000008006708                _sidata = LOADADDR (.data)

.data           0x0000000020000000        0xc load address 0x0000000008006708
                0x0000000020000000                . = ALIGN (0x4)
                0x0000000020000000                _sdata = .
 *(.data)
 *(.data*)
 .data.SystemCoreClock
                0x0000000020000000        0x4 ./Drivers/CMSIS/system_stm32f0xx.o
                0x0000000020000000                SystemCoreClock
 .data.uwTickPrio
                0x0000000020000004        0x4 ./Drivers/STM32F0xx_HAL_Driver/stm32f0xx_hal.o
                0x0000000020000004                uwTickPrio
 .data.uwTickFreq
                0x0000000020000008        0x1 ./Drivers/STM32F0xx_HAL_Driver/stm32f0xx_hal.o
                0x0000000020000008                uwTickFreq
 *(.RamFunc)
 *(.RamFunc*)
                0x000000002000000c                . = ALIGN (0x4)
 *fill*         0x0000000020000009        0x3 
                0x000000002000000c                _edata = .

.igot.plt       0x000000002000000c        0x0 load address 0x0000000008006714
 .igot.plt      0x000000002000000c        0x0 /app/stm32cubeide/plugins/com.st.stm32cube.ide.mcu.externaltools.gnu-tools-for-stm32.10.3-2021.10.linux64_1.0.200.202301161003/tools/bin/../lib/gcc/arm-none-eabi/10.3.1/thumb/v6-m/nofp/crtbegin.o
                0x000000002000000c                . = ALIGN (0x4)

.bss            0x0000000020000010      0x4dc load address 0x0000000008006714
                0x0000000020000010                _sbss = .
                0x0000000020000010                __bss_start__ = _sbss
 *(.bss)
 .bss           0x0000000020000010       0x1c /app/stm32cubeide/plugins/com.st.stm32cube.ide.mcu.externaltools.gnu-tools-for-stm32.10.3-2021.10.linux64_1.0.200.202301161003/tools/bin/../lib/gcc/arm-none-eabi/10.3.1/thumb/v6-m/nofp/crtbegin.o
 *(.bss*)
 .bss.SPI_buff_tx
                0x000000002000002c        0x4 ./Application/User/Core/INA229/ina229.o
                0x000000002000002c                SPI_buff_tx
 .bss.SPI_buff_rx
                0x0000000020000030        0x4 ./Application/User/Core/INA229/ina229.o
                0x0000000020000030                SPI_buff_rx
 .bss.ADS1115_ConfigRegister
                0x0000000020000034        0x2 ./Application/User/Core/ads1115/ads1115.o
                0x0000000020000034                ADS1115_ConfigRegister
 *fill*         0x0000000020000036        0x2 
 .bss.hi2c1     0x0000000020000038       0x54 ./Application/User/Core/main.o
                0x0000000020000038                hi2c1
 .bss.hspi1     0x000000002000008c       0x64 ./Application/User/Core/main.o
                0x000000002000008c                hspi1
 .bss.hspi2     0x00000000200000f0       0x64 ./Application/User/Core/main.o
                0x00000000200000f0                hspi2
 .bss.huart1    0x0000000020000154       0x88 ./Application/User/Core/main.o
                0x0000000020000154                huart1
 .bss.hpcd_USB_FS
                0x00000000200001dc      0x2f4 ./Application/User/Core/main.o
                0x00000000200001dc                hpcd_USB_FS
 .bss.current_amp
                0x00000000200004d0        0x8 ./Application/User/Core/main.o
                0x00000000200004d0                current_amp
 .bss.ib16      0x00000000200004d8        0x2 ./Application/User/Core/main.o
                0x00000000200004d8                ib16
 *fill*         0x00000000200004da        0x2 
 .bss.reg       0x00000000200004dc        0x3 ./Application/User/Core/main.o
                0x00000000200004dc                reg
 *fill*         0x00000000200004df        0x1 
 .bss.mv        0x00000000200004e0        0x8 ./Application/User/Core/main.o
                0x00000000200004e0                mv
 .bss.uwTick    0x00000000200004e8        0x4 ./Drivers/STM32F0xx_HAL_Driver/stm32f0xx_hal.o
                0x00000000200004e8                uwTick
 *(COMMON)
                0x00000000200004ec                . = ALIGN (0x4)
                0x00000000200004ec                _ebss = .
                0x00000000200004ec                __bss_end__ = _ebss

._user_heap_stack
                0x00000000200004ec      0x604 load address 0x0000000008006714
                0x00000000200004f0                . = ALIGN (0x8)
 *fill*         0x00000000200004ec        0x4 
                [!provide]                        PROVIDE (end = .)
                0x00000000200004f0                PROVIDE (_end = .)
                0x00000000200006f0                . = (. + _Min_Heap_Size)
 *fill*         0x00000000200004f0      0x200 
                0x0000000020000af0                . = (. + _Min_Stack_Size)
 *fill*         0x00000000200006f0      0x400 
                0x0000000020000af0                . = ALIGN (0x8)

/DISCARD/
 libc.a(*)
 libm.a(*)
 libgcc.a(*)

.ARM.attributes
                0x0000000000000000       0x28
 *(.ARM.attributes)
 .ARM.attributes
                0x0000000000000000       0x1e /app/stm32cubeide/plugins/com.st.stm32cube.ide.mcu.externaltools.gnu-tools-for-stm32.10.3-2021.10.linux64_1.0.200.202301161003/tools/bin/../lib/gcc/arm-none-eabi/10.3.1/thumb/v6-m/nofp/crti.o
 .ARM.attributes
                0x000000000000001e       0x2c /app/stm32cubeide/plugins/com.st.stm32cube.ide.mcu.externaltools.gnu-tools-for-stm32.10.3-2021.10.linux64_1.0.200.202301161003/tools/bin/../lib/gcc/arm-none-eabi/10.3.1/thumb/v6-m/nofp/crtbegin.o
 .ARM.attributes
                0x000000000000004a       0x2c ./Application/User/Core/INA229/ina229.o
 .ARM.attributes
                0x0000000000000076       0x2c ./Application/User/Core/ST7920/ST7920.o
 .ARM.attributes
                0x00000000000000a2       0x2c ./Application/User/Core/ads1115/ads1115.o
 .ARM.attributes
                0x00000000000000ce       0x2c ./Application/User/Core/main.o
 .ARM.attributes
                0x00000000000000fa       0x2c ./Application/User/Core/stm32f0xx_hal_msp.o
 .ARM.attributes
                0x0000000000000126       0x2c ./Application/User/Core/stm32f0xx_it.o
 .ARM.attributes
                0x0000000000000152       0x21 ./Application/User/Startup/startup_stm32f042c6tx.o
 .ARM.attributes
                0x0000000000000173       0x2c ./Drivers/CMSIS/system_stm32f0xx.o
 .ARM.attributes
                0x000000000000019f       0x2c ./Drivers/STM32F0xx_HAL_Driver/stm32f0xx_hal.o
 .ARM.attributes
                0x00000000000001cb       0x2c ./Drivers/STM32F0xx_HAL_Driver/stm32f0xx_hal_cortex.o
 .ARM.attributes
                0x00000000000001f7       0x2c ./Drivers/STM32F0xx_HAL_Driver/stm32f0xx_hal_gpio.o
 .ARM.attributes
                0x0000000000000223       0x2c ./Drivers/STM32F0xx_HAL_Driver/stm32f0xx_hal_i2c.o
 .ARM.attributes
                0x000000000000024f       0x2c ./Drivers/STM32F0xx_HAL_Driver/stm32f0xx_hal_i2c_ex.o
 .ARM.attributes
                0x000000000000027b       0x2c ./Drivers/STM32F0xx_HAL_Driver/stm32f0xx_hal_pcd.o
 .ARM.attributes
                0x00000000000002a7       0x2c ./Drivers/STM32F0xx_HAL_Driver/stm32f0xx_hal_pcd_ex.o
 .ARM.attributes
                0x00000000000002d3       0x2c ./Drivers/STM32F0xx_HAL_Driver/stm32f0xx_hal_rcc.o
 .ARM.attributes
                0x00000000000002ff       0x2c ./Drivers/STM32F0xx_HAL_Driver/stm32f0xx_hal_rcc_ex.o
 .ARM.attributes
                0x000000000000032b       0x2c ./Drivers/STM32F0xx_HAL_Driver/stm32f0xx_hal_spi.o
 .ARM.attributes
                0x0000000000000357       0x2c ./Drivers/STM32F0xx_HAL_Driver/stm32f0xx_hal_uart.o
 .ARM.attributes
                0x0000000000000383       0x2c ./Drivers/STM32F0xx_HAL_Driver/stm32f0xx_ll_usb.o
 .ARM.attributes
                0x00000000000003af       0x2c /app/stm32cubeide/plugins/com.st.stm32cube.ide.mcu.externaltools.gnu-tools-for-stm32.10.3-2021.10.linux64_1.0.200.202301161003/tools/bin/../lib/gcc/arm-none-eabi/10.3.1/../../../../arm-none-eabi/lib/thumb/v6-m/nofp/libc_nano.a(lib_a-init.o)
 .ARM.attributes
                0x00000000000003db       0x2c /app/stm32cubeide/plugins/com.st.stm32cube.ide.mcu.externaltools.gnu-tools-for-stm32.10.3-2021.10.linux64_1.0.200.202301161003/tools/bin/../lib/gcc/arm-none-eabi/10.3.1/../../../../arm-none-eabi/lib/thumb/v6-m/nofp/libc_nano.a(lib_a-memset.o)
 .ARM.attributes
                0x0000000000000407       0x1e /app/stm32cubeide/plugins/com.st.stm32cube.ide.mcu.externaltools.gnu-tools-for-stm32.10.3-2021.10.linux64_1.0.200.202301161003/tools/bin/../lib/gcc/arm-none-eabi/10.3.1/thumb/v6-m/nofp/libgcc.a(_udivsi3.o)
 .ARM.attributes
                0x0000000000000425       0x1e /app/stm32cubeide/plugins/com.st.stm32cube.ide.mcu.externaltools.gnu-tools-for-stm32.10.3-2021.10.linux64_1.0.200.202301161003/tools/bin/../lib/gcc/arm-none-eabi/10.3.1/thumb/v6-m/nofp/libgcc.a(_divsi3.o)
 .ARM.attributes
                0x0000000000000443       0x1e /app/stm32cubeide/plugins/com.st.stm32cube.ide.mcu.externaltools.gnu-tools-for-stm32.10.3-2021.10.linux64_1.0.200.202301161003/tools/bin/../lib/gcc/arm-none-eabi/10.3.1/thumb/v6-m/nofp/libgcc.a(_dvmd_tls.o)
 .ARM.attributes
                0x0000000000000461       0x1e /app/stm32cubeide/plugins/com.st.stm32cube.ide.mcu.externaltools.gnu-tools-for-stm32.10.3-2021.10.linux64_1.0.200.202301161003/tools/bin/../lib/gcc/arm-none-eabi/10.3.1/thumb/v6-m/nofp/libgcc.a(_arm_cmpdf2.o)
 .ARM.attributes
                0x000000000000047f       0x2c /app/stm32cubeide/plugins/com.st.stm32cube.ide.mcu.externaltools.gnu-tools-for-stm32.10.3-2021.10.linux64_1.0.200.202301161003/tools/bin/../lib/gcc/arm-none-eabi/10.3.1/thumb/v6-m/nofp/libgcc.a(_fixunsdfsi.o)
 .ARM.attributes
                0x00000000000004ab       0x2c /app/stm32cubeide/plugins/com.st.stm32cube.ide.mcu.externaltools.gnu-tools-for-stm32.10.3-2021.10.linux64_1.0.200.202301161003/tools/bin/../lib/gcc/arm-none-eabi/10.3.1/thumb/v6-m/nofp/libgcc.a(divsf3.o)
 .ARM.attributes
                0x00000000000004d7       0x2c /app/stm32cubeide/plugins/com.st.stm32cube.ide.mcu.externaltools.gnu-tools-for-stm32.10.3-2021.10.linux64_1.0.200.202301161003/tools/bin/../lib/gcc/arm-none-eabi/10.3.1/thumb/v6-m/nofp/libgcc.a(mulsf3.o)
 .ARM.attributes
                0x0000000000000503       0x2c /app/stm32cubeide/plugins/com.st.stm32cube.ide.mcu.externaltools.gnu-tools-for-stm32.10.3-2021.10.linux64_1.0.200.202301161003/tools/bin/../lib/gcc/arm-none-eabi/10.3.1/thumb/v6-m/nofp/libgcc.a(floatsisf.o)
 .ARM.attributes
                0x000000000000052f       0x2c /app/stm32cubeide/plugins/com.st.stm32cube.ide.mcu.externaltools.gnu-tools-for-stm32.10.3-2021.10.linux64_1.0.200.202301161003/tools/bin/../lib/gcc/arm-none-eabi/10.3.1/thumb/v6-m/nofp/libgcc.a(adddf3.o)
 .ARM.attributes
                0x000000000000055b       0x2c /app/stm32cubeide/plugins/com.st.stm32cube.ide.mcu.externaltools.gnu-tools-for-stm32.10.3-2021.10.linux64_1.0.200.202301161003/tools/bin/../lib/gcc/arm-none-eabi/10.3.1/thumb/v6-m/nofp/libgcc.a(eqdf2.o)
 .ARM.attributes
                0x0000000000000587       0x2c /app/stm32cubeide/plugins/com.st.stm32cube.ide.mcu.externaltools.gnu-tools-for-stm32.10.3-2021.10.linux64_1.0.200.202301161003/tools/bin/../lib/gcc/arm-none-eabi/10.3.1/thumb/v6-m/nofp/libgcc.a(gedf2.o)
 .ARM.attributes
                0x00000000000005b3       0x2c /app/stm32cubeide/plugins/com.st.stm32cube.ide.mcu.externaltools.gnu-tools-for-stm32.10.3-2021.10.linux64_1.0.200.202301161003/tools/bin/../lib/gcc/arm-none-eabi/10.3.1/thumb/v6-m/nofp/libgcc.a(ledf2.o)
 .ARM.attributes
                0x00000000000005df       0x2c /app/stm32cubeide/plugins/com.st.stm32cube.ide.mcu.externaltools.gnu-tools-for-stm32.10.3-2021.10.linux64_1.0.200.202301161003/tools/bin/../lib/gcc/arm-none-eabi/10.3.1/thumb/v6-m/nofp/libgcc.a(muldf3.o)
 .ARM.attributes
                0x000000000000060b       0x2c /app/stm32cubeide/plugins/com.st.stm32cube.ide.mcu.externaltools.gnu-tools-for-stm32.10.3-2021.10.linux64_1.0.200.202301161003/tools/bin/../lib/gcc/arm-none-eabi/10.3.1/thumb/v6-m/nofp/libgcc.a(subdf3.o)
 .ARM.attributes
                0x0000000000000637       0x2c /app/stm32cubeide/plugins/com.st.stm32cube.ide.mcu.externaltools.gnu-tools-for-stm32.10.3-2021.10.linux64_1.0.200.202301161003/tools/bin/../lib/gcc/arm-none-eabi/10.3.1/thumb/v6-m/nofp/libgcc.a(fixdfsi.o)
 .ARM.attributes
                0x0000000000000663       0x2c /app/stm32cubeide/plugins/com.st.stm32cube.ide.mcu.externaltools.gnu-tools-for-stm32.10.3-2021.10.linux64_1.0.200.202301161003/tools/bin/../lib/gcc/arm-none-eabi/10.3.1/thumb/v6-m/nofp/libgcc.a(floatsidf.o)
 .ARM.attributes
                0x000000000000068f       0x2c /app/stm32cubeide/plugins/com.st.stm32cube.ide.mcu.externaltools.gnu-tools-for-stm32.10.3-2021.10.linux64_1.0.200.202301161003/tools/bin/../lib/gcc/arm-none-eabi/10.3.1/thumb/v6-m/nofp/libgcc.a(extendsfdf2.o)
 .ARM.attributes
                0x00000000000006bb       0x1e /app/stm32cubeide/plugins/com.st.stm32cube.ide.mcu.externaltools.gnu-tools-for-stm32.10.3-2021.10.linux64_1.0.200.202301161003/tools/bin/../lib/gcc/arm-none-eabi/10.3.1/thumb/v6-m/nofp/libgcc.a(_clzsi2.o)
 .ARM.attributes
                0x00000000000006d9       0x1e /app/stm32cubeide/plugins/com.st.stm32cube.ide.mcu.externaltools.gnu-tools-for-stm32.10.3-2021.10.linux64_1.0.200.202301161003/tools/bin/../lib/gcc/arm-none-eabi/10.3.1/thumb/v6-m/nofp/crtn.o
OUTPUT(STM32Firmware.elf elf32-littlearm)
LOAD linker stubs
LOAD /app/stm32cubeide/plugins/com.st.stm32cube.ide.mcu.externaltools.gnu-tools-for-stm32.10.3-2021.10.linux64_1.0.200.202301161003/tools/bin/../lib/gcc/arm-none-eabi/10.3.1/../../../../arm-none-eabi/lib/thumb/v6-m/nofp/libc.a
LOAD /app/stm32cubeide/plugins/com.st.stm32cube.ide.mcu.externaltools.gnu-tools-for-stm32.10.3-2021.10.linux64_1.0.200.202301161003/tools/bin/../lib/gcc/arm-none-eabi/10.3.1/../../../../arm-none-eabi/lib/thumb/v6-m/nofp/libm.a
LOAD /app/stm32cubeide/plugins/com.st.stm32cube.ide.mcu.externaltools.gnu-tools-for-stm32.10.3-2021.10.linux64_1.0.200.202301161003/tools/bin/../lib/gcc/arm-none-eabi/10.3.1/thumb/v6-m/nofp/libgcc.a

.debug_info     0x0000000000000000    0x12c21
 .debug_info    0x0000000000000000      0x88e ./Application/User/Core/INA229/ina229.o
 .debug_info    0x000000000000088e      0xe07 ./Application/User/Core/ST7920/ST7920.o
 .debug_info    0x0000000000001695      0x79f ./Application/User/Core/ads1115/ads1115.o
 .debug_info    0x0000000000001e34     0x1b17 ./Application/User/Core/main.o
 .debug_info    0x000000000000394b     0x15d0 ./Application/User/Core/stm32f0xx_hal_msp.o
 .debug_info    0x0000000000004f1b       0xda ./Application/User/Core/stm32f0xx_it.o
 .debug_info    0x0000000000004ff5       0x22 ./Application/User/Startup/startup_stm32f042c6tx.o
 .debug_info    0x0000000000005017      0x269 ./Drivers/CMSIS/system_stm32f0xx.o
 .debug_info    0x0000000000005280      0x6d2 ./Drivers/STM32F0xx_HAL_Driver/stm32f0xx_hal.o
 .debug_info    0x0000000000005952      0x705 ./Drivers/STM32F0xx_HAL_Driver/stm32f0xx_hal_cortex.o
 .debug_info    0x0000000000006057      0x628 ./Drivers/STM32F0xx_HAL_Driver/stm32f0xx_hal_gpio.o
 .debug_info    0x000000000000667f     0x2270 ./Drivers/STM32F0xx_HAL_Driver/stm32f0xx_hal_i2c.o
 .debug_info    0x00000000000088ef      0x8be ./Drivers/STM32F0xx_HAL_Driver/stm32f0xx_hal_i2c_ex.o
 .debug_info    0x00000000000091ad     0x1716 ./Drivers/STM32F0xx_HAL_Driver/stm32f0xx_hal_pcd.o
 .debug_info    0x000000000000a8c3      0x882 ./Drivers/STM32F0xx_HAL_Driver/stm32f0xx_hal_pcd_ex.o
 .debug_info    0x000000000000b145      0x8b0 ./Drivers/STM32F0xx_HAL_Driver/stm32f0xx_hal_rcc.o
 .debug_info    0x000000000000b9f5      0x640 ./Drivers/STM32F0xx_HAL_Driver/stm32f0xx_hal_rcc_ex.o
 .debug_info    0x000000000000c035     0x1781 ./Drivers/STM32F0xx_HAL_Driver/stm32f0xx_hal_spi.o
 .debug_info    0x000000000000d7b6     0x3d40 ./Drivers/STM32F0xx_HAL_Driver/stm32f0xx_hal_uart.o
 .debug_info    0x00000000000114f6     0x172b ./Drivers/STM32F0xx_HAL_Driver/stm32f0xx_ll_usb.o

.debug_abbrev   0x0000000000000000     0x282c
 .debug_abbrev  0x0000000000000000      0x1fd ./Application/User/Core/INA229/ina229.o
 .debug_abbrev  0x00000000000001fd      0x2b8 ./Application/User/Core/ST7920/ST7920.o
 .debug_abbrev  0x00000000000004b5      0x1b1 ./Application/User/Core/ads1115/ads1115.o
 .debug_abbrev  0x0000000000000666      0x342 ./Application/User/Core/main.o
 .debug_abbrev  0x00000000000009a8      0x220 ./Application/User/Core/stm32f0xx_hal_msp.o
 .debug_abbrev  0x0000000000000bc8       0x74 ./Application/User/Core/stm32f0xx_it.o
 .debug_abbrev  0x0000000000000c3c       0x12 ./Application/User/Startup/startup_stm32f042c6tx.o
 .debug_abbrev  0x0000000000000c4e      0x116 ./Drivers/CMSIS/system_stm32f0xx.o
 .debug_abbrev  0x0000000000000d64      0x23f ./Drivers/STM32F0xx_HAL_Driver/stm32f0xx_hal.o
 .debug_abbrev  0x0000000000000fa3      0x283 ./Drivers/STM32F0xx_HAL_Driver/stm32f0xx_hal_cortex.o
 .debug_abbrev  0x0000000000001226      0x1bb ./Drivers/STM32F0xx_HAL_Driver/stm32f0xx_hal_gpio.o
 .debug_abbrev  0x00000000000013e1      0x24a ./Drivers/STM32F0xx_HAL_Driver/stm32f0xx_hal_i2c.o
 .debug_abbrev  0x000000000000162b      0x1b0 ./Drivers/STM32F0xx_HAL_Driver/stm32f0xx_hal_i2c_ex.o
 .debug_abbrev  0x00000000000017db      0x2a4 ./Drivers/STM32F0xx_HAL_Driver/stm32f0xx_hal_pcd.o
 .debug_abbrev  0x0000000000001a7f      0x21d ./Drivers/STM32F0xx_HAL_Driver/stm32f0xx_hal_pcd_ex.o
 .debug_abbrev  0x0000000000001c9c      0x283 ./Drivers/STM32F0xx_HAL_Driver/stm32f0xx_hal_rcc.o
 .debug_abbrev  0x0000000000001f1f      0x1d0 ./Drivers/STM32F0xx_HAL_Driver/stm32f0xx_hal_rcc_ex.o
 .debug_abbrev  0x00000000000020ef      0x254 ./Drivers/STM32F0xx_HAL_Driver/stm32f0xx_hal_spi.o
 .debug_abbrev  0x0000000000002343      0x2ba ./Drivers/STM32F0xx_HAL_Driver/stm32f0xx_hal_uart.o
 .debug_abbrev  0x00000000000025fd      0x22f ./Drivers/STM32F0xx_HAL_Driver/stm32f0xx_ll_usb.o

.debug_aranges  0x0000000000000000      0xea8
 .debug_aranges
                0x0000000000000000       0x30 ./Application/User/Core/INA229/ina229.o
 .debug_aranges
                0x0000000000000030       0xb8 ./Application/User/Core/ST7920/ST7920.o
 .debug_aranges
                0x00000000000000e8       0x50 ./Application/User/Core/ads1115/ads1115.o
 .debug_aranges
                0x0000000000000138       0x70 ./Application/User/Core/main.o
 .debug_aranges
                0x00000000000001a8       0x60 ./Application/User/Core/stm32f0xx_hal_msp.o
 .debug_aranges
                0x0000000000000208       0x40 ./Application/User/Core/stm32f0xx_it.o
 .debug_aranges
                0x0000000000000248       0x28 ./Application/User/Startup/startup_stm32f042c6tx.o
 .debug_aranges
                0x0000000000000270       0x28 ./Drivers/CMSIS/system_stm32f0xx.o
 .debug_aranges
                0x0000000000000298       0xd0 ./Drivers/STM32F0xx_HAL_Driver/stm32f0xx_hal.o
 .debug_aranges
                0x0000000000000368       0xc0 ./Drivers/STM32F0xx_HAL_Driver/stm32f0xx_hal_cortex.o
 .debug_aranges
                0x0000000000000428       0x58 ./Drivers/STM32F0xx_HAL_Driver/stm32f0xx_hal_gpio.o
 .debug_aranges
                0x0000000000000480      0x2a0 ./Drivers/STM32F0xx_HAL_Driver/stm32f0xx_hal_i2c.o
 .debug_aranges
                0x0000000000000720       0x48 ./Drivers/STM32F0xx_HAL_Driver/stm32f0xx_hal_i2c_ex.o
 .debug_aranges
                0x0000000000000768      0x138 ./Drivers/STM32F0xx_HAL_Driver/stm32f0xx_hal_pcd.o
 .debug_aranges
                0x00000000000008a0       0x58 ./Drivers/STM32F0xx_HAL_Driver/stm32f0xx_hal_pcd_ex.o
 .debug_aranges
                0x00000000000008f8       0x80 ./Drivers/STM32F0xx_HAL_Driver/stm32f0xx_hal_rcc.o
 .debug_aranges
                0x0000000000000978       0x78 ./Drivers/STM32F0xx_HAL_Driver/stm32f0xx_hal_rcc_ex.o
 .debug_aranges
                0x00000000000009f0      0x1d8 ./Drivers/STM32F0xx_HAL_Driver/stm32f0xx_hal_spi.o
 .debug_aranges
                0x0000000000000bc8      0x228 ./Drivers/STM32F0xx_HAL_Driver/stm32f0xx_hal_uart.o
 .debug_aranges
                0x0000000000000df0       0xb8 ./Drivers/STM32F0xx_HAL_Driver/stm32f0xx_ll_usb.o

.debug_ranges   0x0000000000000000      0xdb8
 .debug_ranges  0x0000000000000000       0x20 ./Application/User/Core/INA229/ina229.o
 .debug_ranges  0x0000000000000020       0xc0 ./Application/User/Core/ST7920/ST7920.o
 .debug_ranges  0x00000000000000e0       0x40 ./Application/User/Core/ads1115/ads1115.o
 .debug_ranges  0x0000000000000120       0x60 ./Application/User/Core/main.o
 .debug_ranges  0x0000000000000180       0x50 ./Application/User/Core/stm32f0xx_hal_msp.o
 .debug_ranges  0x00000000000001d0       0x30 ./Application/User/Core/stm32f0xx_it.o
 .debug_ranges  0x0000000000000200       0x20 ./Application/User/Startup/startup_stm32f042c6tx.o
 .debug_ranges  0x0000000000000220       0x18 ./Drivers/CMSIS/system_stm32f0xx.o
 .debug_ranges  0x0000000000000238       0xc0 ./Drivers/STM32F0xx_HAL_Driver/stm32f0xx_hal.o
 .debug_ranges  0x00000000000002f8       0xb0 ./Drivers/STM32F0xx_HAL_Driver/stm32f0xx_hal_cortex.o
 .debug_ranges  0x00000000000003a8       0x48 ./Drivers/STM32F0xx_HAL_Driver/stm32f0xx_hal_gpio.o
 .debug_ranges  0x00000000000003f0      0x290 ./Drivers/STM32F0xx_HAL_Driver/stm32f0xx_hal_i2c.o
 .debug_ranges  0x0000000000000680       0x38 ./Drivers/STM32F0xx_HAL_Driver/stm32f0xx_hal_i2c_ex.o
 .debug_ranges  0x00000000000006b8      0x128 ./Drivers/STM32F0xx_HAL_Driver/stm32f0xx_hal_pcd.o
 .debug_ranges  0x00000000000007e0       0x48 ./Drivers/STM32F0xx_HAL_Driver/stm32f0xx_hal_pcd_ex.o
 .debug_ranges  0x0000000000000828       0x70 ./Drivers/STM32F0xx_HAL_Driver/stm32f0xx_hal_rcc.o
 .debug_ranges  0x0000000000000898       0x68 ./Drivers/STM32F0xx_HAL_Driver/stm32f0xx_hal_rcc_ex.o
 .debug_ranges  0x0000000000000900      0x1c8 ./Drivers/STM32F0xx_HAL_Driver/stm32f0xx_hal_spi.o
 .debug_ranges  0x0000000000000ac8      0x248 ./Drivers/STM32F0xx_HAL_Driver/stm32f0xx_hal_uart.o
 .debug_ranges  0x0000000000000d10       0xa8 ./Drivers/STM32F0xx_HAL_Driver/stm32f0xx_ll_usb.o

.debug_macro    0x0000000000000000    0x19119
 .debug_macro   0x0000000000000000      0x212 ./Application/User/Core/INA229/ina229.o
 .debug_macro   0x0000000000000212      0xa4e ./Application/User/Core/INA229/ina229.o
 .debug_macro   0x0000000000000c60      0x139 ./Application/User/Core/INA229/ina229.o
 .debug_macro   0x0000000000000d99       0x2e ./Application/User/Core/INA229/ina229.o
 .debug_macro   0x0000000000000dc7       0x22 ./Application/User/Core/INA229/ina229.o
 .debug_macro   0x0000000000000de9       0x22 ./Application/User/Core/INA229/ina229.o
 .debug_macro   0x0000000000000e0b       0x8e ./Application/User/Core/INA229/ina229.o
 .debug_macro   0x0000000000000e99       0x51 ./Application/User/Core/INA229/ina229.o
 .debug_macro   0x0000000000000eea      0x103 ./Application/User/Core/INA229/ina229.o
 .debug_macro   0x0000000000000fed       0x6a ./Application/User/Core/INA229/ina229.o
 .debug_macro   0x0000000000001057      0x1df ./Application/User/Core/INA229/ina229.o
 .debug_macro   0x0000000000001236       0x1c ./Application/User/Core/INA229/ina229.o
 .debug_macro   0x0000000000001252       0x22 ./Application/User/Core/INA229/ina229.o
 .debug_macro   0x0000000000001274       0xaf ./Application/User/Core/INA229/ina229.o
 .debug_macro   0x0000000000001323      0x391 ./Application/User/Core/INA229/ina229.o
 .debug_macro   0x00000000000016b4     0xf209 ./Application/User/Core/INA229/ina229.o
 .debug_macro   0x00000000000108bd       0x66 ./Application/User/Core/INA229/ina229.o
 .debug_macro   0x0000000000010923     0x34be ./Application/User/Core/INA229/ina229.o
 .debug_macro   0x0000000000013de1      0x174 ./Application/User/Core/INA229/ina229.o
 .debug_macro   0x0000000000013f55       0x55 ./Application/User/Core/INA229/ina229.o
 .debug_macro   0x0000000000013faa      0x946 ./Application/User/Core/INA229/ina229.o
 .debug_macro   0x00000000000148f0      0x46b ./Application/User/Core/INA229/ina229.o
 .debug_macro   0x0000000000014d5b      0x1ae ./Application/User/Core/INA229/ina229.o
 .debug_macro   0x0000000000014f09      0x130 ./Application/User/Core/INA229/ina229.o
 .debug_macro   0x0000000000015039      0x199 ./Application/User/Core/INA229/ina229.o
 .debug_macro   0x00000000000151d2      0x1ed ./Application/User/Core/INA229/ina229.o
 .debug_macro   0x00000000000153bf       0x34 ./Application/User/Core/INA229/ina229.o
 .debug_macro   0x00000000000153f3       0x43 ./Application/User/Core/INA229/ina229.o
 .debug_macro   0x0000000000015436       0x28 ./Application/User/Core/INA229/ina229.o
 .debug_macro   0x000000000001545e       0xb0 ./Application/User/Core/INA229/ina229.o
 .debug_macro   0x000000000001550e      0x182 ./Application/User/Core/INA229/ina229.o
 .debug_macro   0x0000000000015690      0x22c ./Application/User/Core/INA229/ina229.o
 .debug_macro   0x00000000000158bc       0x61 ./Application/User/Core/INA229/ina229.o
 .debug_macro   0x000000000001591d       0xa5 ./Application/User/Core/INA229/ina229.o
 .debug_macro   0x00000000000159c2       0x73 ./Application/User/Core/INA229/ina229.o
 .debug_macro   0x0000000000015a35      0x22d ./Application/User/Core/INA229/ina229.o
 .debug_macro   0x0000000000015c62       0x4c ./Application/User/Core/INA229/ina229.o
 .debug_macro   0x0000000000015cae      0x15b ./Application/User/Core/INA229/ina229.o
 .debug_macro   0x0000000000015e09      0x2fe ./Application/User/Core/INA229/ina229.o
 .debug_macro   0x0000000000016107      0x5ba ./Application/User/Core/INA229/ina229.o
 .debug_macro   0x00000000000166c1       0x44 ./Application/User/Core/INA229/ina229.o
 .debug_macro   0x0000000000016705      0x12e ./Application/User/Core/INA229/ina229.o
 .debug_macro   0x0000000000016833      0x10c ./Application/User/Core/INA229/ina229.o
 .debug_macro   0x000000000001693f      0x1b4 ./Application/User/Core/INA229/ina229.o
 .debug_macro   0x0000000000016af3      0x206 ./Application/User/Core/ST7920/ST7920.o
 .debug_macro   0x0000000000016cf9       0x22 ./Application/User/Core/ST7920/ST7920.o
 .debug_macro   0x0000000000016d1b      0x1ff ./Application/User/Core/ads1115/ads1115.o
 .debug_macro   0x0000000000016f1a      0x106 ./Application/User/Core/ads1115/ads1115.o
 .debug_macro   0x0000000000017020      0x2ec ./Application/User/Core/main.o
 .debug_macro   0x000000000001730c       0x10 ./Application/User/Core/main.o
 .debug_macro   0x000000000001731c      0x1f6 ./Application/User/Core/stm32f0xx_hal_msp.o
 .debug_macro   0x0000000000017512      0x200 ./Application/User/Core/stm32f0xx_it.o
 .debug_macro   0x0000000000017712      0x1e7 ./Drivers/CMSIS/system_stm32f0xx.o
 .debug_macro   0x00000000000178f9      0x20b ./Drivers/STM32F0xx_HAL_Driver/stm32f0xx_hal.o
 .debug_macro   0x0000000000017b04      0x1e7 ./Drivers/STM32F0xx_HAL_Driver/stm32f0xx_hal_cortex.o
 .debug_macro   0x0000000000017ceb      0x1ee ./Drivers/STM32F0xx_HAL_Driver/stm32f0xx_hal_gpio.o
 .debug_macro   0x0000000000017ed9      0x2b3 ./Drivers/STM32F0xx_HAL_Driver/stm32f0xx_hal_i2c.o
 .debug_macro   0x000000000001818c      0x1e7 ./Drivers/STM32F0xx_HAL_Driver/stm32f0xx_hal_i2c_ex.o
 .debug_macro   0x0000000000018373      0x1f3 ./Drivers/STM32F0xx_HAL_Driver/stm32f0xx_hal_pcd.o
 .debug_macro   0x0000000000018566      0x1e7 ./Drivers/STM32F0xx_HAL_Driver/stm32f0xx_hal_pcd_ex.o
 .debug_macro   0x000000000001874d      0x1f9 ./Drivers/STM32F0xx_HAL_Driver/stm32f0xx_hal_rcc.o
 .debug_macro   0x0000000000018946      0x1f9 ./Drivers/STM32F0xx_HAL_Driver/stm32f0xx_hal_rcc_ex.o
 .debug_macro   0x0000000000018b3f      0x1ef ./Drivers/STM32F0xx_HAL_Driver/stm32f0xx_hal_spi.o
 .debug_macro   0x0000000000018d2e      0x204 ./Drivers/STM32F0xx_HAL_Driver/stm32f0xx_hal_uart.o
 .debug_macro   0x0000000000018f32      0x1e7 ./Drivers/STM32F0xx_HAL_Driver/stm32f0xx_ll_usb.o

.debug_line     0x0000000000000000    0x132af
 .debug_line    0x0000000000000000      0x8b3 ./Application/User/Core/INA229/ina229.o
 .debug_line    0x00000000000008b3      0xd46 ./Application/User/Core/ST7920/ST7920.o
 .debug_line    0x00000000000015f9      0x7e8 ./Application/User/Core/ads1115/ads1115.o
 .debug_line    0x0000000000001de1      0xd6c ./Application/User/Core/main.o
 .debug_line    0x0000000000002b4d      0x86f ./Application/User/Core/stm32f0xx_hal_msp.o
 .debug_line    0x00000000000033bc      0x772 ./Application/User/Core/stm32f0xx_it.o
 .debug_line    0x0000000000003b2e       0xa7 ./Application/User/Startup/startup_stm32f042c6tx.o
 .debug_line    0x0000000000003bd5      0x795 ./Drivers/CMSIS/system_stm32f0xx.o
 .debug_line    0x000000000000436a      0x988 ./Drivers/STM32F0xx_HAL_Driver/stm32f0xx_hal.o
 .debug_line    0x0000000000004cf2      0xa34 ./Drivers/STM32F0xx_HAL_Driver/stm32f0xx_hal_cortex.o
 .debug_line    0x0000000000005726      0xaf0 ./Drivers/STM32F0xx_HAL_Driver/stm32f0xx_hal_gpio.o
 .debug_line    0x0000000000006216     0x3794 ./Drivers/STM32F0xx_HAL_Driver/stm32f0xx_hal_i2c.o
 .debug_line    0x00000000000099aa      0x92b ./Drivers/STM32F0xx_HAL_Driver/stm32f0xx_hal_i2c_ex.o
 .debug_line    0x000000000000a2d5     0x132b ./Drivers/STM32F0xx_HAL_Driver/stm32f0xx_hal_pcd.o
 .debug_line    0x000000000000b600      0x876 ./Drivers/STM32F0xx_HAL_Driver/stm32f0xx_hal_pcd_ex.o
 .debug_line    0x000000000000be76      0xe13 ./Drivers/STM32F0xx_HAL_Driver/stm32f0xx_hal_rcc.o
 .debug_line    0x000000000000cc89      0xbc6 ./Drivers/STM32F0xx_HAL_Driver/stm32f0xx_hal_rcc_ex.o
 .debug_line    0x000000000000d84f     0x1e9a ./Drivers/STM32F0xx_HAL_Driver/stm32f0xx_hal_spi.o
 .debug_line    0x000000000000f6e9     0x2c3c ./Drivers/STM32F0xx_HAL_Driver/stm32f0xx_hal_uart.o
 .debug_line    0x0000000000012325      0xf8a ./Drivers/STM32F0xx_HAL_Driver/stm32f0xx_ll_usb.o

.debug_str      0x0000000000000000    0x90219
 .debug_str     0x0000000000000000    0x88d64 ./Application/User/Core/INA229/ina229.o
                                      0x8905d (size before relaxing)
 .debug_str     0x0000000000088d64      0x2bb ./Application/User/Core/ST7920/ST7920.o
                                      0x88736 (size before relaxing)
 .debug_str     0x000000000008901f      0x635 ./Application/User/Core/ads1115/ads1115.o
                                      0x888d2 (size before relaxing)
 .debug_str     0x0000000000089654     0x3767 ./Application/User/Core/main.o
                                      0x8cdf8 (size before relaxing)
 .debug_str     0x000000000008cdbb       0xff ./Application/User/Core/stm32f0xx_hal_msp.o
                                      0x88d88 (size before relaxing)
 .debug_str     0x000000000008ceba       0xa6 ./Application/User/Core/stm32f0xx_it.o
                                      0x8807a (size before relaxing)
 .debug_str     0x000000000008cf60       0x42 ./Application/User/Startup/startup_stm32f042c6tx.o
                                         0x7c (size before relaxing)
 .debug_str     0x000000000008cfa2       0xaf ./Drivers/CMSIS/system_stm32f0xx.o
                                      0x87cf2 (size before relaxing)
 .debug_str     0x000000000008d051      0x4e5 ./Drivers/STM32F0xx_HAL_Driver/stm32f0xx_hal.o
                                      0x882a4 (size before relaxing)
 .debug_str     0x000000000008d536      0x1ba ./Drivers/STM32F0xx_HAL_Driver/stm32f0xx_hal_cortex.o
                                      0x88095 (size before relaxing)
 .debug_str     0x000000000008d6f0      0x137 ./Drivers/STM32F0xx_HAL_Driver/stm32f0xx_hal_gpio.o
                                      0x87e93 (size before relaxing)
 .debug_str     0x000000000008d827      0xe4a ./Drivers/STM32F0xx_HAL_Driver/stm32f0xx_hal_i2c.o
                                      0x89053 (size before relaxing)
 .debug_str     0x000000000008e671       0xdc ./Drivers/STM32F0xx_HAL_Driver/stm32f0xx_hal_i2c_ex.o
                                      0x8827a (size before relaxing)
 .debug_str     0x000000000008e74d      0x55a ./Drivers/STM32F0xx_HAL_Driver/stm32f0xx_hal_pcd.o
                                      0x8859d (size before relaxing)
 .debug_str     0x000000000008eca7      0x1aa ./Drivers/STM32F0xx_HAL_Driver/stm32f0xx_hal_pcd_ex.o
                                      0x881f9 (size before relaxing)
 .debug_str     0x000000000008ee51      0x228 ./Drivers/STM32F0xx_HAL_Driver/stm32f0xx_hal_rcc.o
                                      0x88139 (size before relaxing)
 .debug_str     0x000000000008f079      0x2d3 ./Drivers/STM32F0xx_HAL_Driver/stm32f0xx_hal_rcc_ex.o
                                      0x880dc (size before relaxing)
 .debug_str     0x000000000008f34c      0x54a ./Drivers/STM32F0xx_HAL_Driver/stm32f0xx_hal_spi.o
                                      0x88662 (size before relaxing)
 .debug_str     0x000000000008f896      0x88c ./Drivers/STM32F0xx_HAL_Driver/stm32f0xx_hal_uart.o
                                      0x88a56 (size before relaxing)
 .debug_str     0x0000000000090122       0xf7 ./Drivers/STM32F0xx_HAL_Driver/stm32f0xx_ll_usb.o
                                      0x880da (size before relaxing)

.comment        0x0000000000000000       0x50
 .comment       0x0000000000000000       0x50 ./Application/User/Core/INA229/ina229.o
                                         0x51 (size before relaxing)
 .comment       0x0000000000000050       0x51 ./Application/User/Core/ST7920/ST7920.o
 .comment       0x0000000000000050       0x51 ./Application/User/Core/ads1115/ads1115.o
 .comment       0x0000000000000050       0x51 ./Application/User/Core/main.o
 .comment       0x0000000000000050       0x51 ./Application/User/Core/stm32f0xx_hal_msp.o
 .comment       0x0000000000000050       0x51 ./Application/User/Core/stm32f0xx_it.o
 .comment       0x0000000000000050       0x51 ./Drivers/CMSIS/system_stm32f0xx.o
 .comment       0x0000000000000050       0x51 ./Drivers/STM32F0xx_HAL_Driver/stm32f0xx_hal.o
 .comment       0x0000000000000050       0x51 ./Drivers/STM32F0xx_HAL_Driver/stm32f0xx_hal_cortex.o
 .comment       0x0000000000000050       0x51 ./Drivers/STM32F0xx_HAL_Driver/stm32f0xx_hal_gpio.o
 .comment       0x0000000000000050       0x51 ./Drivers/STM32F0xx_HAL_Driver/stm32f0xx_hal_i2c.o
 .comment       0x0000000000000050       0x51 ./Drivers/STM32F0xx_HAL_Driver/stm32f0xx_hal_i2c_ex.o
 .comment       0x0000000000000050       0x51 ./Drivers/STM32F0xx_HAL_Driver/stm32f0xx_hal_pcd.o
 .comment       0x0000000000000050       0x51 ./Drivers/STM32F0xx_HAL_Driver/stm32f0xx_hal_pcd_ex.o
 .comment       0x0000000000000050       0x51 ./Drivers/STM32F0xx_HAL_Driver/stm32f0xx_hal_rcc.o
 .comment       0x0000000000000050       0x51 ./Drivers/STM32F0xx_HAL_Driver/stm32f0xx_hal_rcc_ex.o
 .comment       0x0000000000000050       0x51 ./Drivers/STM32F0xx_HAL_Driver/stm32f0xx_hal_spi.o
 .comment       0x0000000000000050       0x51 ./Drivers/STM32F0xx_HAL_Driver/stm32f0xx_hal_uart.o
 .comment       0x0000000000000050       0x51 ./Drivers/STM32F0xx_HAL_Driver/stm32f0xx_ll_usb.o

.debug_frame    0x0000000000000000     0x36e4
 .debug_frame   0x0000000000000000       0x70 ./Application/User/Core/INA229/ina229.o
 .debug_frame   0x0000000000000070      0x2a0 ./Application/User/Core/ST7920/ST7920.o
 .debug_frame   0x0000000000000310       0xec ./Application/User/Core/ads1115/ads1115.o
 .debug_frame   0x00000000000003fc      0x160 ./Application/User/Core/main.o
 .debug_frame   0x000000000000055c      0x130 ./Application/User/Core/stm32f0xx_hal_msp.o
 .debug_frame   0x000000000000068c       0x9c ./Application/User/Core/stm32f0xx_it.o
 .debug_frame   0x0000000000000728       0x4c ./Drivers/CMSIS/system_stm32f0xx.o
 .debug_frame   0x0000000000000774      0x2a4 ./Drivers/STM32F0xx_HAL_Driver/stm32f0xx_hal.o
 .debug_frame   0x0000000000000a18      0x2a0 ./Drivers/STM32F0xx_HAL_Driver/stm32f0xx_hal_cortex.o
 .debug_frame   0x0000000000000cb8      0x110 ./Drivers/STM32F0xx_HAL_Driver/stm32f0xx_hal_gpio.o
 .debug_frame   0x0000000000000dc8      0xa64 ./Drivers/STM32F0xx_HAL_Driver/stm32f0xx_hal_i2c.o
 .debug_frame   0x000000000000182c       0xd0 ./Drivers/STM32F0xx_HAL_Driver/stm32f0xx_hal_i2c_ex.o
 .debug_frame   0x00000000000018fc      0x49c ./Drivers/STM32F0xx_HAL_Driver/stm32f0xx_hal_pcd.o
 .debug_frame   0x0000000000001d98      0x110 ./Drivers/STM32F0xx_HAL_Driver/stm32f0xx_hal_pcd_ex.o
 .debug_frame   0x0000000000001ea8      0x198 ./Drivers/STM32F0xx_HAL_Driver/stm32f0xx_hal_rcc.o
 .debug_frame   0x0000000000002040      0x180 ./Drivers/STM32F0xx_HAL_Driver/stm32f0xx_hal_rcc_ex.o
 .debug_frame   0x00000000000021c0      0x710 ./Drivers/STM32F0xx_HAL_Driver/stm32f0xx_hal_spi.o
 .debug_frame   0x00000000000028d0      0x850 ./Drivers/STM32F0xx_HAL_Driver/stm32f0xx_hal_uart.o
 .debug_frame   0x0000000000003120      0x298 ./Drivers/STM32F0xx_HAL_Driver/stm32f0xx_ll_usb.o
 .debug_frame   0x00000000000033b8       0x2c /app/stm32cubeide/plugins/com.st.stm32cube.ide.mcu.externaltools.gnu-tools-for-stm32.10.3-2021.10.linux64_1.0.200.202301161003/tools/bin/../lib/gcc/arm-none-eabi/10.3.1/../../../../arm-none-eabi/lib/thumb/v6-m/nofp/libc_nano.a(lib_a-init.o)
 .debug_frame   0x00000000000033e4       0x20 /app/stm32cubeide/plugins/com.st.stm32cube.ide.mcu.externaltools.gnu-tools-for-stm32.10.3-2021.10.linux64_1.0.200.202301161003/tools/bin/../lib/gcc/arm-none-eabi/10.3.1/../../../../arm-none-eabi/lib/thumb/v6-m/nofp/libc_nano.a(lib_a-memset.o)
 .debug_frame   0x0000000000003404       0x20 /app/stm32cubeide/plugins/com.st.stm32cube.ide.mcu.externaltools.gnu-tools-for-stm32.10.3-2021.10.linux64_1.0.200.202301161003/tools/bin/../lib/gcc/arm-none-eabi/10.3.1/thumb/v6-m/nofp/libgcc.a(_udivsi3.o)
 .debug_frame   0x0000000000003424       0x20 /app/stm32cubeide/plugins/com.st.stm32cube.ide.mcu.externaltools.gnu-tools-for-stm32.10.3-2021.10.linux64_1.0.200.202301161003/tools/bin/../lib/gcc/arm-none-eabi/10.3.1/thumb/v6-m/nofp/libgcc.a(_divsi3.o)
 .debug_frame   0x0000000000003444       0x2c /app/stm32cubeide/plugins/com.st.stm32cube.ide.mcu.externaltools.gnu-tools-for-stm32.10.3-2021.10.linux64_1.0.200.202301161003/tools/bin/../lib/gcc/arm-none-eabi/10.3.1/thumb/v6-m/nofp/libgcc.a(_fixunsdfsi.o)
 .debug_frame   0x0000000000003470       0x38 /app/stm32cubeide/plugins/com.st.stm32cube.ide.mcu.externaltools.gnu-tools-for-stm32.10.3-2021.10.linux64_1.0.200.202301161003/tools/bin/../lib/gcc/arm-none-eabi/10.3.1/thumb/v6-m/nofp/libgcc.a(divsf3.o)
 .debug_frame   0x00000000000034a8       0x38 /app/stm32cubeide/plugins/com.st.stm32cube.ide.mcu.externaltools.gnu-tools-for-stm32.10.3-2021.10.linux64_1.0.200.202301161003/tools/bin/../lib/gcc/arm-none-eabi/10.3.1/thumb/v6-m/nofp/libgcc.a(mulsf3.o)
 .debug_frame   0x00000000000034e0       0x30 /app/stm32cubeide/plugins/com.st.stm32cube.ide.mcu.externaltools.gnu-tools-for-stm32.10.3-2021.10.linux64_1.0.200.202301161003/tools/bin/../lib/gcc/arm-none-eabi/10.3.1/thumb/v6-m/nofp/libgcc.a(floatsisf.o)
 .debug_frame   0x0000000000003510       0x38 /app/stm32cubeide/plugins/com.st.stm32cube.ide.mcu.externaltools.gnu-tools-for-stm32.10.3-2021.10.linux64_1.0.200.202301161003/tools/bin/../lib/gcc/arm-none-eabi/10.3.1/thumb/v6-m/nofp/libgcc.a(adddf3.o)
 .debug_frame   0x0000000000003548       0x38 /app/stm32cubeide/plugins/com.st.stm32cube.ide.mcu.externaltools.gnu-tools-for-stm32.10.3-2021.10.linux64_1.0.200.202301161003/tools/bin/../lib/gcc/arm-none-eabi/10.3.1/thumb/v6-m/nofp/libgcc.a(eqdf2.o)
 .debug_frame   0x0000000000003580       0x34 /app/stm32cubeide/plugins/com.st.stm32cube.ide.mcu.externaltools.gnu-tools-for-stm32.10.3-2021.10.linux64_1.0.200.202301161003/tools/bin/../lib/gcc/arm-none-eabi/10.3.1/thumb/v6-m/nofp/libgcc.a(gedf2.o)
 .debug_frame   0x00000000000035b4       0x34 /app/stm32cubeide/plugins/com.st.stm32cube.ide.mcu.externaltools.gnu-tools-for-stm32.10.3-2021.10.linux64_1.0.200.202301161003/tools/bin/../lib/gcc/arm-none-eabi/10.3.1/thumb/v6-m/nofp/libgcc.a(ledf2.o)
 .debug_frame   0x00000000000035e8       0x3c /app/stm32cubeide/plugins/com.st.stm32cube.ide.mcu.externaltools.gnu-tools-for-stm32.10.3-2021.10.linux64_1.0.200.202301161003/tools/bin/../lib/gcc/arm-none-eabi/10.3.1/thumb/v6-m/nofp/libgcc.a(muldf3.o)
 .debug_frame   0x0000000000003624       0x3c /app/stm32cubeide/plugins/com.st.stm32cube.ide.mcu.externaltools.gnu-tools-for-stm32.10.3-2021.10.linux64_1.0.200.202301161003/tools/bin/../lib/gcc/arm-none-eabi/10.3.1/thumb/v6-m/nofp/libgcc.a(subdf3.o)
 .debug_frame   0x0000000000003660       0x2c /app/stm32cubeide/plugins/com.st.stm32cube.ide.mcu.externaltools.gnu-tools-for-stm32.10.3-2021.10.linux64_1.0.200.202301161003/tools/bin/../lib/gcc/arm-none-eabi/10.3.1/thumb/v6-m/nofp/libgcc.a(fixdfsi.o)
 .debug_frame   0x000000000000368c       0x2c /app/stm32cubeide/plugins/com.st.stm32cube.ide.mcu.externaltools.gnu-tools-for-stm32.10.3-2021.10.linux64_1.0.200.202301161003/tools/bin/../lib/gcc/arm-none-eabi/10.3.1/thumb/v6-m/nofp/libgcc.a(floatsidf.o)
 .debug_frame   0x00000000000036b8       0x2c /app/stm32cubeide/plugins/com.st.stm32cube.ide.mcu.externaltools.gnu-tools-for-stm32.10.3-2021.10.linux64_1.0.200.202301161003/tools/bin/../lib/gcc/arm-none-eabi/10.3.1/thumb/v6-m/nofp/libgcc.a(extendsfdf2.o)
