/run/flatpak/doc/1386df1/STM32Firmware/Core/Src/main.c:142:8:ftoa	56	static
/run/flatpak/doc/1386df1/STM32Firmware/Core/Src/main.c:237:5:main	40	static
/run/flatpak/doc/1386df1/STM32Firmware/Core/Src/main.c:359:6:SystemClock_Config	112	static
/run/flatpak/doc/1386df1/STM32Firmware/Core/Src/main.c:407:13:MX_I2C1_Init	8	static
/run/flatpak/doc/1386df1/STM32Firmware/Core/Src/main.c:455:13:MX_SPI1_Init	8	static
/run/flatpak/doc/1386df1/STM32Firmware/Core/Src/main.c:496:13:MX_SPI2_Init	8	static
/run/flatpak/doc/1386df1/STM32Firmware/Core/Src/main.c:536:13:MX_USART1_UART_Init	8	static
/run/flatpak/doc/1386df1/STM32Firmware/Core/Src/main.c:571:13:MX_USB_PCD_Init	8	static
/run/flatpak/doc/1386df1/STM32Firmware/Core/Src/main.c:603:13:MX_GPIO_Init	56	static
/run/flatpak/doc/1386df1/STM32Firmware/Core/Src/main.c:676:8:smoothAlg_nonblock	32	static
/run/flatpak/doc/1386df1/STM32Firmware/Core/Src/main.c:744:6:Error_Handler	8	static,ignoring_inline_asm
