/run/flatpak/doc/1386df1/STM32Firmware/Core/Src/main.c:140:8:ftoa	56	static
/run/flatpak/doc/1386df1/STM32Firmware/Core/Src/main.c:235:5:main	56	static
/run/flatpak/doc/1386df1/STM32Firmware/Core/Src/main.c:341:6:SystemClock_Config	112	static
/run/flatpak/doc/1386df1/STM32Firmware/Core/Src/main.c:389:13:MX_I2C1_Init	8	static
/run/flatpak/doc/1386df1/STM32Firmware/Core/Src/main.c:437:13:MX_SPI1_Init	8	static
/run/flatpak/doc/1386df1/STM32Firmware/Core/Src/main.c:478:13:MX_SPI2_Init	8	static
/run/flatpak/doc/1386df1/STM32Firmware/Core/Src/main.c:518:13:MX_USART1_UART_Init	8	static
/run/flatpak/doc/1386df1/STM32Firmware/Core/Src/main.c:553:13:MX_USB_PCD_Init	8	static
/run/flatpak/doc/1386df1/STM32Firmware/Core/Src/main.c:585:13:MX_GPIO_Init	56	static
/run/flatpak/doc/1386df1/STM32Firmware/Core/Src/main.c:658:8:smoothAlg_nonblock	32	static
/run/flatpak/doc/1386df1/STM32Firmware/Core/Src/main.c:726:6:Error_Handler	8	static,ignoring_inline_asm
