/run/flatpak/doc/1386df1/STM32Firmware/Core/Src/stm32f0xx_hal_msp.c:63:6:HAL_MspInit	8	static
/run/flatpak/doc/1386df1/STM32Firmware/Core/Src/stm32f0xx_hal_msp.c:85:6:HAL_I2C_MspInit	40	static
/run/flatpak/doc/1386df1/STM32Firmware/Core/Src/stm32f0xx_hal_msp.c:121:6:HAL_I2C_MspDeInit	8	static
/run/flatpak/doc/1386df1/STM32Firmware/Core/Src/stm32f0xx_hal_msp.c:152:6:HAL_SPI_MspInit	56	static
/run/flatpak/doc/1386df1/STM32Firmware/Core/Src/stm32f0xx_hal_msp.c:221:6:HAL_SPI_MspDeInit	8	static
/run/flatpak/doc/1386df1/STM32Firmware/Core/Src/stm32f0xx_hal_msp.c:270:6:HAL_UART_MspInit	40	static
/run/flatpak/doc/1386df1/STM32Firmware/Core/Src/stm32f0xx_hal_msp.c:306:6:HAL_UART_MspDeInit	8	static
/run/flatpak/doc/1386df1/STM32Firmware/Core/Src/stm32f0xx_hal_msp.c:335:6:HAL_PCD_MspInit	8	static
/run/flatpak/doc/1386df1/STM32Firmware/Core/Src/stm32f0xx_hal_msp.c:357:6:HAL_PCD_MspDeInit	0	static
